 
****************************************
Report : area
Design : j1_wb
Version: N-2017.09-SP2
Date   : Thu Dec 14 13:27:28 2017
****************************************

Library(s) Used:

    tcbn90lphpwc_ccs (File: /project/design/CCE4600/lib/TSMCHOME/digital/Front_End/timing_power_noise/CCS/tcbn90lphp_150h/tcbn90lphpwc_ccs.db)
    tcbn90lphplvtwc_ccs (File: /project/design/CCE4600/lib/TSMCHOME/digital/Front_End/timing_power_noise/CCS/tcbn90lphplvt_150h/tcbn90lphplvtwc_ccs.db)
    tcbn90lphphvtwc_ccs (File: /project/design/CCE4600/lib/TSMCHOME/digital/Front_End/timing_power_noise/CCS/tcbn90lphphvt_150h/tcbn90lphphvtwc_ccs.db)

Number of ports:                          317
Number of nets:                          3431
Number of cells:                         3188
Number of combinational cells:           1992
Number of sequential cells:              1131
Number of macros/black boxes:               0
Number of buf/inv:                        230
Number of references:                     347

Combinational area:               9129.758625
Buf/Inv area:                      737.352018
Noncombinational area:           18410.515464
Macro/Black Box area:                0.000000
Net Interconnect area:      undefined  (Wire load has zero net area)

Total cell area:                 27540.274089
Total area:                 undefined
1
