 
****************************************
Report : area
Design : j1_wb
Version: N-2017.09-SP2
Date   : Thu Dec 14 10:10:32 2017
****************************************

Library(s) Used:

    tcbn90lphpwc_ccs (File: /project/design/CCE4600/lib/TSMCHOME/digital/Front_End/timing_power_noise/CCS/tcbn90lphp_150h/tcbn90lphpwc_ccs.db)

Number of ports:                          317
Number of nets:                          3404
Number of cells:                         3182
Number of combinational cells:           1986
Number of sequential cells:              1131
Number of macros/black boxes:               0
Number of buf/inv:                        231
Number of references:                     232

Combinational area:               8846.813019
Buf/Inv area:                      727.473618
Noncombinational area:           18411.221059
Macro/Black Box area:                0.000000
Net Interconnect area:      undefined  (Wire load has zero net area)

Total cell area:                 27258.034078
Total area:                 undefined

Area of detected synthetic parts
--------------------------------
  No DW parts to report!

Estimated area of ungrouped synthetic parts
-------------------------------------------
                                    Estimated  Perc. of
  Module            Implem.  Count       Area cell area
  ----------------- -------  ----- ---------- ---------
  DP_OP_63_126_5416     str      1   380.3183      1.4%
  DP_OP_64_127_1161     str      1   282.3404      1.0%
  DW01_add          apparch      2   142.5312      0.5%
  DW01_inc          apparch      2    77.6160      0.3%
  DW01_inc           pparch      1   485.9862      1.8%
  DW01_sub          apparch      1    44.4528      0.2%
  DW_cmp            apparch      4   372.5568      1.4%
  DW_leftsh            astr      1   258.2495      0.9%
  DW_rightsh           astr      1   258.2495      0.9%
  ----------------- -------  ----- ---------- ---------
  DP_OP Subtotal:                2   662.6587      2.4%
  Total:                        14  2302.3007      8.4%

Subtotal of datapath(DP_OP) cell area:  662.6587  2.4%  (estimated)
Total synthetic cell area:              2302.3007  8.4%  (estimated)

1
