 
****************************************
Report : resources
Design : j1_wb
Version: N-2017.09-SP2
Date   : Thu Dec 14 13:27:28 2017
****************************************


Resource Report for this hierarchy in file ../rtl/j1_wb.sv
=============================================================================
| Cell           | Module         | Parameters | Contained Operations       |
=============================================================================
| eq_x_1         | DW_cmp         | width=16   | eq_120 (j1_wb.sv:120)      |
| lt_x_2         | DW_cmp         | width=16   | lt_121 (j1_wb.sv:121)      |
| ashr_3         | DW_rightsh     | A_width=16 | srl_122 (j1_wb.sv:122)     |
|                |                | SH_width=4 |                            |
| ash_4          | DW_leftsh      | A_width=16 | sll_126 (j1_wb.sv:126)     |
|                |                | SH_width=4 |                            |
| lt_x_5         | DW_cmp         | width=16   | lt_128 (j1_wb.sv:128)      |
| add_x_9        | DW01_inc       | width=5    | add_145 (j1_wb.sv:145)     |
| add_x_10       | DW01_add       | width=5    | add_155 (j1_wb.sv:155)     |
| add_x_11       | DW01_add       | width=5    | add_157 (j1_wb.sv:157)     |
| sub_x_12       | DW01_sub       | width=5    | sub_166_aco (j1_wb.sv:166) |
| add_x_13       | DW01_inc       | width=5    | add_170 (j1_wb.sv:170)     |
| add_x_20       | DW01_inc       | width=13   | add_186_S2 (j1_wb.sv:186)  |
| gt_x_31        | DW_cmp         | width=16   | gt_122 (j1_wb.sv:122)      |
|                |                |            | gt_126 (j1_wb.sv:126)      |
| DP_OP_63_126_5416               |            |                            |
|                | DP_OP_63_126_5416 |         |                            |
| DP_OP_64_127_1161               |            |                            |
|                | DP_OP_64_127_1161 |         |                            |
=============================================================================

Datapath Report for DP_OP_63_126_5416
==============================================================================
| Cell                 | Contained Operations                                |
==============================================================================
| DP_OP_63_126_5416    | add_115 (j1_wb.sv:115)                              |
==============================================================================

==============================================================================
|       |      | Data     |       |                                          |
| Var   | Type | Class    | Width | Expression                               |
==============================================================================
| I1    | PI   | Unsigned | 16    |                                          |
| I2    | PI   | Unsigned | 16    |                                          |
| O1    | PO   | Unsigned | 16    | I1 + I2 (j1_wb.sv:115)                   |
==============================================================================

Datapath Report for DP_OP_64_127_1161
==============================================================================
| Cell                 | Contained Operations                                |
==============================================================================
| DP_OP_64_127_1161    | sub_123 (j1_wb.sv:123)                              |
==============================================================================

==============================================================================
|       |      | Data     |       |                                          |
| Var   | Type | Class    | Width | Expression                               |
==============================================================================
| I1    | PI   | Unsigned | 16    |                                          |
| O1    | PO   | Signed   | 16    | I1 - $unsigned(1'b1) (j1_wb.sv:123)      |
==============================================================================


Implementation Report
===============================================================================
|                    |                  | Current            | Set            |
| Cell               | Module           | Implementation     | Implementation |
===============================================================================
| eq_x_1             | DW_cmp           | apparch (area)     |                |
| lt_x_2             | DW_cmp           | apparch (area)     |                |
| ashr_3             | DW_rightsh       | astr (area)        |                |
| ash_4              | DW_leftsh        | astr (area)        |                |
| lt_x_5             | DW_cmp           | apparch (area)     |                |
| add_x_9            | DW01_inc         | apparch (area)     |                |
| add_x_10           | DW01_add         | apparch (area)     |                |
| add_x_11           | DW01_add         | apparch (area)     |                |
| sub_x_12           | DW01_sub         | apparch (area)     |                |
| add_x_13           | DW01_inc         | apparch (area)     |                |
| add_x_20           | DW01_inc         | pparch (area,speed)                 |
| gt_x_31            | DW_cmp           | apparch (area)     |                |
| DP_OP_63_126_5416  | DP_OP_63_126_5416 | str (area)        |                |
| DP_OP_64_127_1161  | DP_OP_64_127_1161 | str (area)        |                |
===============================================================================

1
