 
****************************************
Report : area
Design : j1_wb
Version: N-2017.09-SP2
Date   : Thu Dec 14 13:27:28 2017
****************************************

Library(s) Used:

    tcbn90lphpwc_ccs (File: /project/design/CCE4600/lib/TSMCHOME/digital/Front_End/timing_power_noise/CCS/tcbn90lphp_150h/tcbn90lphpwc_ccs.db)
    tcbn90lphplvtwc_ccs (File: /project/design/CCE4600/lib/TSMCHOME/digital/Front_End/timing_power_noise/CCS/tcbn90lphplvt_150h/tcbn90lphplvtwc_ccs.db)
    tcbn90lphphvtwc_ccs (File: /project/design/CCE4600/lib/TSMCHOME/digital/Front_End/timing_power_noise/CCS/tcbn90lphphvt_150h/tcbn90lphphvtwc_ccs.db)

Number of ports:                          317
Number of nets:                          3431
Number of cells:                         3188
Number of combinational cells:           1992
Number of sequential cells:              1131
Number of macros/black boxes:               0
Number of buf/inv:                        230
Number of references:                     347

Combinational area:               9129.758625
Buf/Inv area:                      737.352018
Noncombinational area:           18410.515464
Macro/Black Box area:                0.000000
Net Interconnect area:      undefined  (Wire load has zero net area)

Total cell area:                 27540.274089
Total area:                 undefined

Area of detected synthetic parts
--------------------------------
  No DW parts to report!

Estimated area of ungrouped synthetic parts
-------------------------------------------
                                    Estimated  Perc. of
  Module            Implem.  Count       Area cell area
  ----------------- -------  ----- ---------- ---------
  DP_OP_63_126_5416     str      1   207.9061      0.8%
  DP_OP_64_127_1161     str      1   140.3512      0.5%
  DW01_add          apparch      2   142.5312      0.5%
  DW01_inc          apparch      2    77.6160      0.3%
  DW01_inc           pparch      1   566.4749      2.1%
  DW01_sub          apparch      1    44.4528      0.2%
  DW_cmp            apparch      4   372.5568      1.4%
  DW_leftsh            astr      1   258.2495      0.9%
  DW_rightsh           astr      1   258.2495      0.9%
  ----------------- -------  ----- ---------- ---------
  DP_OP Subtotal:                2   348.2572      1.3%
  Total:                        14  2068.3880      7.5%

Subtotal of datapath(DP_OP) cell area:  348.2572  1.3%  (estimated)
Total synthetic cell area:              2068.3880  7.5%  (estimated)

1
