 
****************************************
Report : multibit
Design : j1_wb
Version: N-2017.09-SP2
Date   : Thu Dec 14 13:25:15 2017
****************************************

Attributes:
    b - black box (unknown)
    h - hierarchical
    n - noncombinational
    r - removable
    u - contains unmapped logic


Multibit Component : dsp_reg
Cell                    Reference      Library         Area   Width  Attributes
--------------------------------------------------------------------------------
dsp_reg[4]              **SEQGEN**                     0.00   1      n, u
dsp_reg[3]              **SEQGEN**                     0.00   1      n, u
dsp_reg[2]              **SEQGEN**                     0.00   1      n, u
dsp_reg[1]              **SEQGEN**                     0.00   1      n, u
dsp_reg[0]              **SEQGEN**                     0.00   1      n, u
--------------------------------------------------------------------------------
Total 5 cells                                          0.00   5


Multibit Component : mem_reg
Cell                    Reference      Library         Area   Width  Attributes
--------------------------------------------------------------------------------
rstack/mem_reg[0][15]   **SEQGEN**                     0.00   1      n, u
rstack/mem_reg[0][14]   **SEQGEN**                     0.00   1      n, u
rstack/mem_reg[0][13]   **SEQGEN**                     0.00   1      n, u
rstack/mem_reg[0][12]   **SEQGEN**                     0.00   1      n, u
rstack/mem_reg[0][11]   **SEQGEN**                     0.00   1      n, u
rstack/mem_reg[0][10]   **SEQGEN**                     0.00   1      n, u
rstack/mem_reg[0][9]    **SEQGEN**                     0.00   1      n, u
rstack/mem_reg[0][8]    **SEQGEN**                     0.00   1      n, u
rstack/mem_reg[0][7]    **SEQGEN**                     0.00   1      n, u
rstack/mem_reg[0][6]    **SEQGEN**                     0.00   1      n, u
rstack/mem_reg[0][5]    **SEQGEN**                     0.00   1      n, u
rstack/mem_reg[0][4]    **SEQGEN**                     0.00   1      n, u
rstack/mem_reg[0][3]    **SEQGEN**                     0.00   1      n, u
rstack/mem_reg[0][2]    **SEQGEN**                     0.00   1      n, u
rstack/mem_reg[0][1]    **SEQGEN**                     0.00   1      n, u
rstack/mem_reg[0][0]    **SEQGEN**                     0.00   1      n, u
rstack/mem_reg[1][15]   **SEQGEN**                     0.00   1      n, u
rstack/mem_reg[1][14]   **SEQGEN**                     0.00   1      n, u
rstack/mem_reg[1][13]   **SEQGEN**                     0.00   1      n, u
rstack/mem_reg[1][12]   **SEQGEN**                     0.00   1      n, u
rstack/mem_reg[1][11]   **SEQGEN**                     0.00   1      n, u
rstack/mem_reg[1][10]   **SEQGEN**                     0.00   1      n, u
rstack/mem_reg[1][9]    **SEQGEN**                     0.00   1      n, u
rstack/mem_reg[1][8]    **SEQGEN**                     0.00   1      n, u
rstack/mem_reg[1][7]    **SEQGEN**                     0.00   1      n, u
rstack/mem_reg[1][6]    **SEQGEN**                     0.00   1      n, u
rstack/mem_reg[1][5]    **SEQGEN**                     0.00   1      n, u
rstack/mem_reg[1][4]    **SEQGEN**                     0.00   1      n, u
rstack/mem_reg[1][3]    **SEQGEN**                     0.00   1      n, u
rstack/mem_reg[1][2]    **SEQGEN**                     0.00   1      n, u
rstack/mem_reg[1][1]    **SEQGEN**                     0.00   1      n, u
rstack/mem_reg[1][0]    **SEQGEN**                     0.00   1      n, u
rstack/mem_reg[2][15]   **SEQGEN**                     0.00   1      n, u
rstack/mem_reg[2][14]   **SEQGEN**                     0.00   1      n, u
rstack/mem_reg[2][13]   **SEQGEN**                     0.00   1      n, u
rstack/mem_reg[2][12]   **SEQGEN**                     0.00   1      n, u
rstack/mem_reg[2][11]   **SEQGEN**                     0.00   1      n, u
rstack/mem_reg[2][10]   **SEQGEN**                     0.00   1      n, u
rstack/mem_reg[2][9]    **SEQGEN**                     0.00   1      n, u
rstack/mem_reg[2][8]    **SEQGEN**                     0.00   1      n, u
rstack/mem_reg[2][7]    **SEQGEN**                     0.00   1      n, u
rstack/mem_reg[2][6]    **SEQGEN**                     0.00   1      n, u
rstack/mem_reg[2][5]    **SEQGEN**                     0.00   1      n, u
rstack/mem_reg[2][4]    **SEQGEN**                     0.00   1      n, u
rstack/mem_reg[2][3]    **SEQGEN**                     0.00   1      n, u
rstack/mem_reg[2][2]    **SEQGEN**                     0.00   1      n, u
rstack/mem_reg[2][1]    **SEQGEN**                     0.00   1      n, u
rstack/mem_reg[2][0]    **SEQGEN**                     0.00   1      n, u
rstack/mem_reg[3][15]   **SEQGEN**                     0.00   1      n, u
rstack/mem_reg[3][14]   **SEQGEN**                     0.00   1      n, u
rstack/mem_reg[3][13]   **SEQGEN**                     0.00   1      n, u
rstack/mem_reg[3][12]   **SEQGEN**                     0.00   1      n, u
rstack/mem_reg[3][11]   **SEQGEN**                     0.00   1      n, u
rstack/mem_reg[3][10]   **SEQGEN**                     0.00   1      n, u
rstack/mem_reg[3][9]    **SEQGEN**                     0.00   1      n, u
rstack/mem_reg[3][8]    **SEQGEN**                     0.00   1      n, u
rstack/mem_reg[3][7]    **SEQGEN**                     0.00   1      n, u
rstack/mem_reg[3][6]    **SEQGEN**                     0.00   1      n, u
rstack/mem_reg[3][5]    **SEQGEN**                     0.00   1      n, u
rstack/mem_reg[3][4]    **SEQGEN**                     0.00   1      n, u
rstack/mem_reg[3][3]    **SEQGEN**                     0.00   1      n, u
rstack/mem_reg[3][2]    **SEQGEN**                     0.00   1      n, u
rstack/mem_reg[3][1]    **SEQGEN**                     0.00   1      n, u
rstack/mem_reg[3][0]    **SEQGEN**                     0.00   1      n, u
rstack/mem_reg[4][15]   **SEQGEN**                     0.00   1      n, u
rstack/mem_reg[4][14]   **SEQGEN**                     0.00   1      n, u
rstack/mem_reg[4][13]   **SEQGEN**                     0.00   1      n, u
rstack/mem_reg[4][12]   **SEQGEN**                     0.00   1      n, u
rstack/mem_reg[4][11]   **SEQGEN**                     0.00   1      n, u
rstack/mem_reg[4][10]   **SEQGEN**                     0.00   1      n, u
rstack/mem_reg[4][9]    **SEQGEN**                     0.00   1      n, u
rstack/mem_reg[4][8]    **SEQGEN**                     0.00   1      n, u
rstack/mem_reg[4][7]    **SEQGEN**                     0.00   1      n, u
rstack/mem_reg[4][6]    **SEQGEN**                     0.00   1      n, u
rstack/mem_reg[4][5]    **SEQGEN**                     0.00   1      n, u
rstack/mem_reg[4][4]    **SEQGEN**                     0.00   1      n, u
rstack/mem_reg[4][3]    **SEQGEN**                     0.00   1      n, u
rstack/mem_reg[4][2]    **SEQGEN**                     0.00   1      n, u
rstack/mem_reg[4][1]    **SEQGEN**                     0.00   1      n, u
rstack/mem_reg[4][0]    **SEQGEN**                     0.00   1      n, u
rstack/mem_reg[5][15]   **SEQGEN**                     0.00   1      n, u
rstack/mem_reg[5][14]   **SEQGEN**                     0.00   1      n, u
rstack/mem_reg[5][13]   **SEQGEN**                     0.00   1      n, u
rstack/mem_reg[5][12]   **SEQGEN**                     0.00   1      n, u
rstack/mem_reg[5][11]   **SEQGEN**                     0.00   1      n, u
rstack/mem_reg[5][10]   **SEQGEN**                     0.00   1      n, u
rstack/mem_reg[5][9]    **SEQGEN**                     0.00   1      n, u
rstack/mem_reg[5][8]    **SEQGEN**                     0.00   1      n, u
rstack/mem_reg[5][7]    **SEQGEN**                     0.00   1      n, u
rstack/mem_reg[5][6]    **SEQGEN**                     0.00   1      n, u
rstack/mem_reg[5][5]    **SEQGEN**                     0.00   1      n, u
rstack/mem_reg[5][4]    **SEQGEN**                     0.00   1      n, u
rstack/mem_reg[5][3]    **SEQGEN**                     0.00   1      n, u
rstack/mem_reg[5][2]    **SEQGEN**                     0.00   1      n, u
rstack/mem_reg[5][1]    **SEQGEN**                     0.00   1      n, u
rstack/mem_reg[5][0]    **SEQGEN**                     0.00   1      n, u
rstack/mem_reg[6][15]   **SEQGEN**                     0.00   1      n, u
rstack/mem_reg[6][14]   **SEQGEN**                     0.00   1      n, u
rstack/mem_reg[6][13]   **SEQGEN**                     0.00   1      n, u
rstack/mem_reg[6][12]   **SEQGEN**                     0.00   1      n, u
rstack/mem_reg[6][11]   **SEQGEN**                     0.00   1      n, u
rstack/mem_reg[6][10]   **SEQGEN**                     0.00   1      n, u
rstack/mem_reg[6][9]    **SEQGEN**                     0.00   1      n, u
rstack/mem_reg[6][8]    **SEQGEN**                     0.00   1      n, u
rstack/mem_reg[6][7]    **SEQGEN**                     0.00   1      n, u
rstack/mem_reg[6][6]    **SEQGEN**                     0.00   1      n, u
rstack/mem_reg[6][5]    **SEQGEN**                     0.00   1      n, u
rstack/mem_reg[6][4]    **SEQGEN**                     0.00   1      n, u
rstack/mem_reg[6][3]    **SEQGEN**                     0.00   1      n, u
rstack/mem_reg[6][2]    **SEQGEN**                     0.00   1      n, u
rstack/mem_reg[6][1]    **SEQGEN**                     0.00   1      n, u
rstack/mem_reg[6][0]    **SEQGEN**                     0.00   1      n, u
rstack/mem_reg[7][15]   **SEQGEN**                     0.00   1      n, u
rstack/mem_reg[7][14]   **SEQGEN**                     0.00   1      n, u
rstack/mem_reg[7][13]   **SEQGEN**                     0.00   1      n, u
rstack/mem_reg[7][12]   **SEQGEN**                     0.00   1      n, u
rstack/mem_reg[7][11]   **SEQGEN**                     0.00   1      n, u
rstack/mem_reg[7][10]   **SEQGEN**                     0.00   1      n, u
rstack/mem_reg[7][9]    **SEQGEN**                     0.00   1      n, u
rstack/mem_reg[7][8]    **SEQGEN**                     0.00   1      n, u
rstack/mem_reg[7][7]    **SEQGEN**                     0.00   1      n, u
rstack/mem_reg[7][6]    **SEQGEN**                     0.00   1      n, u
rstack/mem_reg[7][5]    **SEQGEN**                     0.00   1      n, u
rstack/mem_reg[7][4]    **SEQGEN**                     0.00   1      n, u
rstack/mem_reg[7][3]    **SEQGEN**                     0.00   1      n, u
rstack/mem_reg[7][2]    **SEQGEN**                     0.00   1      n, u
rstack/mem_reg[7][1]    **SEQGEN**                     0.00   1      n, u
rstack/mem_reg[7][0]    **SEQGEN**                     0.00   1      n, u
rstack/mem_reg[8][15]   **SEQGEN**                     0.00   1      n, u
rstack/mem_reg[8][14]   **SEQGEN**                     0.00   1      n, u
rstack/mem_reg[8][13]   **SEQGEN**                     0.00   1      n, u
rstack/mem_reg[8][12]   **SEQGEN**                     0.00   1      n, u
rstack/mem_reg[8][11]   **SEQGEN**                     0.00   1      n, u
rstack/mem_reg[8][10]   **SEQGEN**                     0.00   1      n, u
rstack/mem_reg[8][9]    **SEQGEN**                     0.00   1      n, u
rstack/mem_reg[8][8]    **SEQGEN**                     0.00   1      n, u
rstack/mem_reg[8][7]    **SEQGEN**                     0.00   1      n, u
rstack/mem_reg[8][6]    **SEQGEN**                     0.00   1      n, u
rstack/mem_reg[8][5]    **SEQGEN**                     0.00   1      n, u
rstack/mem_reg[8][4]    **SEQGEN**                     0.00   1      n, u
rstack/mem_reg[8][3]    **SEQGEN**                     0.00   1      n, u
rstack/mem_reg[8][2]    **SEQGEN**                     0.00   1      n, u
rstack/mem_reg[8][1]    **SEQGEN**                     0.00   1      n, u
rstack/mem_reg[8][0]    **SEQGEN**                     0.00   1      n, u
rstack/mem_reg[9][15]   **SEQGEN**                     0.00   1      n, u
rstack/mem_reg[9][14]   **SEQGEN**                     0.00   1      n, u
rstack/mem_reg[9][13]   **SEQGEN**                     0.00   1      n, u
rstack/mem_reg[9][12]   **SEQGEN**                     0.00   1      n, u
rstack/mem_reg[9][11]   **SEQGEN**                     0.00   1      n, u
rstack/mem_reg[9][10]   **SEQGEN**                     0.00   1      n, u
rstack/mem_reg[9][9]    **SEQGEN**                     0.00   1      n, u
rstack/mem_reg[9][8]    **SEQGEN**                     0.00   1      n, u
rstack/mem_reg[9][7]    **SEQGEN**                     0.00   1      n, u
rstack/mem_reg[9][6]    **SEQGEN**                     0.00   1      n, u
rstack/mem_reg[9][5]    **SEQGEN**                     0.00   1      n, u
rstack/mem_reg[9][4]    **SEQGEN**                     0.00   1      n, u
rstack/mem_reg[9][3]    **SEQGEN**                     0.00   1      n, u
rstack/mem_reg[9][2]    **SEQGEN**                     0.00   1      n, u
rstack/mem_reg[9][1]    **SEQGEN**                     0.00   1      n, u
rstack/mem_reg[9][0]    **SEQGEN**                     0.00   1      n, u
rstack/mem_reg[10][15]  **SEQGEN**                     0.00   1      n, u
rstack/mem_reg[10][14]  **SEQGEN**                     0.00   1      n, u
rstack/mem_reg[10][13]  **SEQGEN**                     0.00   1      n, u
rstack/mem_reg[10][12]  **SEQGEN**                     0.00   1      n, u
rstack/mem_reg[10][11]  **SEQGEN**                     0.00   1      n, u
rstack/mem_reg[10][10]  **SEQGEN**                     0.00   1      n, u
rstack/mem_reg[10][9]   **SEQGEN**                     0.00   1      n, u
rstack/mem_reg[10][8]   **SEQGEN**                     0.00   1      n, u
rstack/mem_reg[10][7]   **SEQGEN**                     0.00   1      n, u
rstack/mem_reg[10][6]   **SEQGEN**                     0.00   1      n, u
rstack/mem_reg[10][5]   **SEQGEN**                     0.00   1      n, u
rstack/mem_reg[10][4]   **SEQGEN**                     0.00   1      n, u
rstack/mem_reg[10][3]   **SEQGEN**                     0.00   1      n, u
rstack/mem_reg[10][2]   **SEQGEN**                     0.00   1      n, u
rstack/mem_reg[10][1]   **SEQGEN**                     0.00   1      n, u
rstack/mem_reg[10][0]   **SEQGEN**                     0.00   1      n, u
rstack/mem_reg[11][15]  **SEQGEN**                     0.00   1      n, u
rstack/mem_reg[11][14]  **SEQGEN**                     0.00   1      n, u
rstack/mem_reg[11][13]  **SEQGEN**                     0.00   1      n, u
rstack/mem_reg[11][12]  **SEQGEN**                     0.00   1      n, u
rstack/mem_reg[11][11]  **SEQGEN**                     0.00   1      n, u
rstack/mem_reg[11][10]  **SEQGEN**                     0.00   1      n, u
rstack/mem_reg[11][9]   **SEQGEN**                     0.00   1      n, u
rstack/mem_reg[11][8]   **SEQGEN**                     0.00   1      n, u
rstack/mem_reg[11][7]   **SEQGEN**                     0.00   1      n, u
rstack/mem_reg[11][6]   **SEQGEN**                     0.00   1      n, u
rstack/mem_reg[11][5]   **SEQGEN**                     0.00   1      n, u
rstack/mem_reg[11][4]   **SEQGEN**                     0.00   1      n, u
rstack/mem_reg[11][3]   **SEQGEN**                     0.00   1      n, u
rstack/mem_reg[11][2]   **SEQGEN**                     0.00   1      n, u
rstack/mem_reg[11][1]   **SEQGEN**                     0.00   1      n, u
rstack/mem_reg[11][0]   **SEQGEN**                     0.00   1      n, u
rstack/mem_reg[12][15]  **SEQGEN**                     0.00   1      n, u
rstack/mem_reg[12][14]  **SEQGEN**                     0.00   1      n, u
rstack/mem_reg[12][13]  **SEQGEN**                     0.00   1      n, u
rstack/mem_reg[12][12]  **SEQGEN**                     0.00   1      n, u
rstack/mem_reg[12][11]  **SEQGEN**                     0.00   1      n, u
rstack/mem_reg[12][10]  **SEQGEN**                     0.00   1      n, u
rstack/mem_reg[12][9]   **SEQGEN**                     0.00   1      n, u
rstack/mem_reg[12][8]   **SEQGEN**                     0.00   1      n, u
rstack/mem_reg[12][7]   **SEQGEN**                     0.00   1      n, u
rstack/mem_reg[12][6]   **SEQGEN**                     0.00   1      n, u
rstack/mem_reg[12][5]   **SEQGEN**                     0.00   1      n, u
rstack/mem_reg[12][4]   **SEQGEN**                     0.00   1      n, u
rstack/mem_reg[12][3]   **SEQGEN**                     0.00   1      n, u
rstack/mem_reg[12][2]   **SEQGEN**                     0.00   1      n, u
rstack/mem_reg[12][1]   **SEQGEN**                     0.00   1      n, u
rstack/mem_reg[12][0]   **SEQGEN**                     0.00   1      n, u
rstack/mem_reg[13][15]  **SEQGEN**                     0.00   1      n, u
rstack/mem_reg[13][14]  **SEQGEN**                     0.00   1      n, u
rstack/mem_reg[13][13]  **SEQGEN**                     0.00   1      n, u
rstack/mem_reg[13][12]  **SEQGEN**                     0.00   1      n, u
rstack/mem_reg[13][11]  **SEQGEN**                     0.00   1      n, u
rstack/mem_reg[13][10]  **SEQGEN**                     0.00   1      n, u
rstack/mem_reg[13][9]   **SEQGEN**                     0.00   1      n, u
rstack/mem_reg[13][8]   **SEQGEN**                     0.00   1      n, u
rstack/mem_reg[13][7]   **SEQGEN**                     0.00   1      n, u
rstack/mem_reg[13][6]   **SEQGEN**                     0.00   1      n, u
rstack/mem_reg[13][5]   **SEQGEN**                     0.00   1      n, u
rstack/mem_reg[13][4]   **SEQGEN**                     0.00   1      n, u
rstack/mem_reg[13][3]   **SEQGEN**                     0.00   1      n, u
rstack/mem_reg[13][2]   **SEQGEN**                     0.00   1      n, u
rstack/mem_reg[13][1]   **SEQGEN**                     0.00   1      n, u
rstack/mem_reg[13][0]   **SEQGEN**                     0.00   1      n, u
rstack/mem_reg[14][15]  **SEQGEN**                     0.00   1      n, u
rstack/mem_reg[14][14]  **SEQGEN**                     0.00   1      n, u
rstack/mem_reg[14][13]  **SEQGEN**                     0.00   1      n, u
rstack/mem_reg[14][12]  **SEQGEN**                     0.00   1      n, u
rstack/mem_reg[14][11]  **SEQGEN**                     0.00   1      n, u
rstack/mem_reg[14][10]  **SEQGEN**                     0.00   1      n, u
rstack/mem_reg[14][9]   **SEQGEN**                     0.00   1      n, u
rstack/mem_reg[14][8]   **SEQGEN**                     0.00   1      n, u
rstack/mem_reg[14][7]   **SEQGEN**                     0.00   1      n, u
rstack/mem_reg[14][6]   **SEQGEN**                     0.00   1      n, u
rstack/mem_reg[14][5]   **SEQGEN**                     0.00   1      n, u
rstack/mem_reg[14][4]   **SEQGEN**                     0.00   1      n, u
rstack/mem_reg[14][3]   **SEQGEN**                     0.00   1      n, u
rstack/mem_reg[14][2]   **SEQGEN**                     0.00   1      n, u
rstack/mem_reg[14][1]   **SEQGEN**                     0.00   1      n, u
rstack/mem_reg[14][0]   **SEQGEN**                     0.00   1      n, u
rstack/mem_reg[15][15]  **SEQGEN**                     0.00   1      n, u
rstack/mem_reg[15][14]  **SEQGEN**                     0.00   1      n, u
rstack/mem_reg[15][13]  **SEQGEN**                     0.00   1      n, u
rstack/mem_reg[15][12]  **SEQGEN**                     0.00   1      n, u
rstack/mem_reg[15][11]  **SEQGEN**                     0.00   1      n, u
rstack/mem_reg[15][10]  **SEQGEN**                     0.00   1      n, u
rstack/mem_reg[15][9]   **SEQGEN**                     0.00   1      n, u
rstack/mem_reg[15][8]   **SEQGEN**                     0.00   1      n, u
rstack/mem_reg[15][7]   **SEQGEN**                     0.00   1      n, u
rstack/mem_reg[15][6]   **SEQGEN**                     0.00   1      n, u
rstack/mem_reg[15][5]   **SEQGEN**                     0.00   1      n, u
rstack/mem_reg[15][4]   **SEQGEN**                     0.00   1      n, u
rstack/mem_reg[15][3]   **SEQGEN**                     0.00   1      n, u
rstack/mem_reg[15][2]   **SEQGEN**                     0.00   1      n, u
rstack/mem_reg[15][1]   **SEQGEN**                     0.00   1      n, u
rstack/mem_reg[15][0]   **SEQGEN**                     0.00   1      n, u
rstack/mem_reg[16][15]  **SEQGEN**                     0.00   1      n, u
rstack/mem_reg[16][14]  **SEQGEN**                     0.00   1      n, u
rstack/mem_reg[16][13]  **SEQGEN**                     0.00   1      n, u
rstack/mem_reg[16][12]  **SEQGEN**                     0.00   1      n, u
rstack/mem_reg[16][11]  **SEQGEN**                     0.00   1      n, u
rstack/mem_reg[16][10]  **SEQGEN**                     0.00   1      n, u
rstack/mem_reg[16][9]   **SEQGEN**                     0.00   1      n, u
rstack/mem_reg[16][8]   **SEQGEN**                     0.00   1      n, u
rstack/mem_reg[16][7]   **SEQGEN**                     0.00   1      n, u
rstack/mem_reg[16][6]   **SEQGEN**                     0.00   1      n, u
rstack/mem_reg[16][5]   **SEQGEN**                     0.00   1      n, u
rstack/mem_reg[16][4]   **SEQGEN**                     0.00   1      n, u
rstack/mem_reg[16][3]   **SEQGEN**                     0.00   1      n, u
rstack/mem_reg[16][2]   **SEQGEN**                     0.00   1      n, u
rstack/mem_reg[16][1]   **SEQGEN**                     0.00   1      n, u
rstack/mem_reg[16][0]   **SEQGEN**                     0.00   1      n, u
rstack/mem_reg[17][15]  **SEQGEN**                     0.00   1      n, u
rstack/mem_reg[17][14]  **SEQGEN**                     0.00   1      n, u
rstack/mem_reg[17][13]  **SEQGEN**                     0.00   1      n, u
rstack/mem_reg[17][12]  **SEQGEN**                     0.00   1      n, u
rstack/mem_reg[17][11]  **SEQGEN**                     0.00   1      n, u
rstack/mem_reg[17][10]  **SEQGEN**                     0.00   1      n, u
rstack/mem_reg[17][9]   **SEQGEN**                     0.00   1      n, u
rstack/mem_reg[17][8]   **SEQGEN**                     0.00   1      n, u
rstack/mem_reg[17][7]   **SEQGEN**                     0.00   1      n, u
rstack/mem_reg[17][6]   **SEQGEN**                     0.00   1      n, u
rstack/mem_reg[17][5]   **SEQGEN**                     0.00   1      n, u
rstack/mem_reg[17][4]   **SEQGEN**                     0.00   1      n, u
rstack/mem_reg[17][3]   **SEQGEN**                     0.00   1      n, u
rstack/mem_reg[17][2]   **SEQGEN**                     0.00   1      n, u
rstack/mem_reg[17][1]   **SEQGEN**                     0.00   1      n, u
rstack/mem_reg[17][0]   **SEQGEN**                     0.00   1      n, u
rstack/mem_reg[18][15]  **SEQGEN**                     0.00   1      n, u
rstack/mem_reg[18][14]  **SEQGEN**                     0.00   1      n, u
rstack/mem_reg[18][13]  **SEQGEN**                     0.00   1      n, u
rstack/mem_reg[18][12]  **SEQGEN**                     0.00   1      n, u
rstack/mem_reg[18][11]  **SEQGEN**                     0.00   1      n, u
rstack/mem_reg[18][10]  **SEQGEN**                     0.00   1      n, u
rstack/mem_reg[18][9]   **SEQGEN**                     0.00   1      n, u
rstack/mem_reg[18][8]   **SEQGEN**                     0.00   1      n, u
rstack/mem_reg[18][7]   **SEQGEN**                     0.00   1      n, u
rstack/mem_reg[18][6]   **SEQGEN**                     0.00   1      n, u
rstack/mem_reg[18][5]   **SEQGEN**                     0.00   1      n, u
rstack/mem_reg[18][4]   **SEQGEN**                     0.00   1      n, u
rstack/mem_reg[18][3]   **SEQGEN**                     0.00   1      n, u
rstack/mem_reg[18][2]   **SEQGEN**                     0.00   1      n, u
rstack/mem_reg[18][1]   **SEQGEN**                     0.00   1      n, u
rstack/mem_reg[18][0]   **SEQGEN**                     0.00   1      n, u
rstack/mem_reg[19][15]  **SEQGEN**                     0.00   1      n, u
rstack/mem_reg[19][14]  **SEQGEN**                     0.00   1      n, u
rstack/mem_reg[19][13]  **SEQGEN**                     0.00   1      n, u
rstack/mem_reg[19][12]  **SEQGEN**                     0.00   1      n, u
rstack/mem_reg[19][11]  **SEQGEN**                     0.00   1      n, u
rstack/mem_reg[19][10]  **SEQGEN**                     0.00   1      n, u
rstack/mem_reg[19][9]   **SEQGEN**                     0.00   1      n, u
rstack/mem_reg[19][8]   **SEQGEN**                     0.00   1      n, u
rstack/mem_reg[19][7]   **SEQGEN**                     0.00   1      n, u
rstack/mem_reg[19][6]   **SEQGEN**                     0.00   1      n, u
rstack/mem_reg[19][5]   **SEQGEN**                     0.00   1      n, u
rstack/mem_reg[19][4]   **SEQGEN**                     0.00   1      n, u
rstack/mem_reg[19][3]   **SEQGEN**                     0.00   1      n, u
rstack/mem_reg[19][2]   **SEQGEN**                     0.00   1      n, u
rstack/mem_reg[19][1]   **SEQGEN**                     0.00   1      n, u
rstack/mem_reg[19][0]   **SEQGEN**                     0.00   1      n, u
rstack/mem_reg[20][15]  **SEQGEN**                     0.00   1      n, u
rstack/mem_reg[20][14]  **SEQGEN**                     0.00   1      n, u
rstack/mem_reg[20][13]  **SEQGEN**                     0.00   1      n, u
rstack/mem_reg[20][12]  **SEQGEN**                     0.00   1      n, u
rstack/mem_reg[20][11]  **SEQGEN**                     0.00   1      n, u
rstack/mem_reg[20][10]  **SEQGEN**                     0.00   1      n, u
rstack/mem_reg[20][9]   **SEQGEN**                     0.00   1      n, u
rstack/mem_reg[20][8]   **SEQGEN**                     0.00   1      n, u
rstack/mem_reg[20][7]   **SEQGEN**                     0.00   1      n, u
rstack/mem_reg[20][6]   **SEQGEN**                     0.00   1      n, u
rstack/mem_reg[20][5]   **SEQGEN**                     0.00   1      n, u
rstack/mem_reg[20][4]   **SEQGEN**                     0.00   1      n, u
rstack/mem_reg[20][3]   **SEQGEN**                     0.00   1      n, u
rstack/mem_reg[20][2]   **SEQGEN**                     0.00   1      n, u
rstack/mem_reg[20][1]   **SEQGEN**                     0.00   1      n, u
rstack/mem_reg[20][0]   **SEQGEN**                     0.00   1      n, u
rstack/mem_reg[21][15]  **SEQGEN**                     0.00   1      n, u
rstack/mem_reg[21][14]  **SEQGEN**                     0.00   1      n, u
rstack/mem_reg[21][13]  **SEQGEN**                     0.00   1      n, u
rstack/mem_reg[21][12]  **SEQGEN**                     0.00   1      n, u
rstack/mem_reg[21][11]  **SEQGEN**                     0.00   1      n, u
rstack/mem_reg[21][10]  **SEQGEN**                     0.00   1      n, u
rstack/mem_reg[21][9]   **SEQGEN**                     0.00   1      n, u
rstack/mem_reg[21][8]   **SEQGEN**                     0.00   1      n, u
rstack/mem_reg[21][7]   **SEQGEN**                     0.00   1      n, u
rstack/mem_reg[21][6]   **SEQGEN**                     0.00   1      n, u
rstack/mem_reg[21][5]   **SEQGEN**                     0.00   1      n, u
rstack/mem_reg[21][4]   **SEQGEN**                     0.00   1      n, u
rstack/mem_reg[21][3]   **SEQGEN**                     0.00   1      n, u
rstack/mem_reg[21][2]   **SEQGEN**                     0.00   1      n, u
rstack/mem_reg[21][1]   **SEQGEN**                     0.00   1      n, u
rstack/mem_reg[21][0]   **SEQGEN**                     0.00   1      n, u
rstack/mem_reg[22][15]  **SEQGEN**                     0.00   1      n, u
rstack/mem_reg[22][14]  **SEQGEN**                     0.00   1      n, u
rstack/mem_reg[22][13]  **SEQGEN**                     0.00   1      n, u
rstack/mem_reg[22][12]  **SEQGEN**                     0.00   1      n, u
rstack/mem_reg[22][11]  **SEQGEN**                     0.00   1      n, u
rstack/mem_reg[22][10]  **SEQGEN**                     0.00   1      n, u
rstack/mem_reg[22][9]   **SEQGEN**                     0.00   1      n, u
rstack/mem_reg[22][8]   **SEQGEN**                     0.00   1      n, u
rstack/mem_reg[22][7]   **SEQGEN**                     0.00   1      n, u
rstack/mem_reg[22][6]   **SEQGEN**                     0.00   1      n, u
rstack/mem_reg[22][5]   **SEQGEN**                     0.00   1      n, u
rstack/mem_reg[22][4]   **SEQGEN**                     0.00   1      n, u
rstack/mem_reg[22][3]   **SEQGEN**                     0.00   1      n, u
rstack/mem_reg[22][2]   **SEQGEN**                     0.00   1      n, u
rstack/mem_reg[22][1]   **SEQGEN**                     0.00   1      n, u
rstack/mem_reg[22][0]   **SEQGEN**                     0.00   1      n, u
rstack/mem_reg[23][15]  **SEQGEN**                     0.00   1      n, u
rstack/mem_reg[23][14]  **SEQGEN**                     0.00   1      n, u
rstack/mem_reg[23][13]  **SEQGEN**                     0.00   1      n, u
rstack/mem_reg[23][12]  **SEQGEN**                     0.00   1      n, u
rstack/mem_reg[23][11]  **SEQGEN**                     0.00   1      n, u
rstack/mem_reg[23][10]  **SEQGEN**                     0.00   1      n, u
rstack/mem_reg[23][9]   **SEQGEN**                     0.00   1      n, u
rstack/mem_reg[23][8]   **SEQGEN**                     0.00   1      n, u
rstack/mem_reg[23][7]   **SEQGEN**                     0.00   1      n, u
rstack/mem_reg[23][6]   **SEQGEN**                     0.00   1      n, u
rstack/mem_reg[23][5]   **SEQGEN**                     0.00   1      n, u
rstack/mem_reg[23][4]   **SEQGEN**                     0.00   1      n, u
rstack/mem_reg[23][3]   **SEQGEN**                     0.00   1      n, u
rstack/mem_reg[23][2]   **SEQGEN**                     0.00   1      n, u
rstack/mem_reg[23][1]   **SEQGEN**                     0.00   1      n, u
rstack/mem_reg[23][0]   **SEQGEN**                     0.00   1      n, u
rstack/mem_reg[24][15]  **SEQGEN**                     0.00   1      n, u
rstack/mem_reg[24][14]  **SEQGEN**                     0.00   1      n, u
rstack/mem_reg[24][13]  **SEQGEN**                     0.00   1      n, u
rstack/mem_reg[24][12]  **SEQGEN**                     0.00   1      n, u
rstack/mem_reg[24][11]  **SEQGEN**                     0.00   1      n, u
rstack/mem_reg[24][10]  **SEQGEN**                     0.00   1      n, u
rstack/mem_reg[24][9]   **SEQGEN**                     0.00   1      n, u
rstack/mem_reg[24][8]   **SEQGEN**                     0.00   1      n, u
rstack/mem_reg[24][7]   **SEQGEN**                     0.00   1      n, u
rstack/mem_reg[24][6]   **SEQGEN**                     0.00   1      n, u
rstack/mem_reg[24][5]   **SEQGEN**                     0.00   1      n, u
rstack/mem_reg[24][4]   **SEQGEN**                     0.00   1      n, u
rstack/mem_reg[24][3]   **SEQGEN**                     0.00   1      n, u
rstack/mem_reg[24][2]   **SEQGEN**                     0.00   1      n, u
rstack/mem_reg[24][1]   **SEQGEN**                     0.00   1      n, u
rstack/mem_reg[24][0]   **SEQGEN**                     0.00   1      n, u
rstack/mem_reg[25][15]  **SEQGEN**                     0.00   1      n, u
rstack/mem_reg[25][14]  **SEQGEN**                     0.00   1      n, u
rstack/mem_reg[25][13]  **SEQGEN**                     0.00   1      n, u
rstack/mem_reg[25][12]  **SEQGEN**                     0.00   1      n, u
rstack/mem_reg[25][11]  **SEQGEN**                     0.00   1      n, u
rstack/mem_reg[25][10]  **SEQGEN**                     0.00   1      n, u
rstack/mem_reg[25][9]   **SEQGEN**                     0.00   1      n, u
rstack/mem_reg[25][8]   **SEQGEN**                     0.00   1      n, u
rstack/mem_reg[25][7]   **SEQGEN**                     0.00   1      n, u
rstack/mem_reg[25][6]   **SEQGEN**                     0.00   1      n, u
rstack/mem_reg[25][5]   **SEQGEN**                     0.00   1      n, u
rstack/mem_reg[25][4]   **SEQGEN**                     0.00   1      n, u
rstack/mem_reg[25][3]   **SEQGEN**                     0.00   1      n, u
rstack/mem_reg[25][2]   **SEQGEN**                     0.00   1      n, u
rstack/mem_reg[25][1]   **SEQGEN**                     0.00   1      n, u
rstack/mem_reg[25][0]   **SEQGEN**                     0.00   1      n, u
rstack/mem_reg[26][15]  **SEQGEN**                     0.00   1      n, u
rstack/mem_reg[26][14]  **SEQGEN**                     0.00   1      n, u
rstack/mem_reg[26][13]  **SEQGEN**                     0.00   1      n, u
rstack/mem_reg[26][12]  **SEQGEN**                     0.00   1      n, u
rstack/mem_reg[26][11]  **SEQGEN**                     0.00   1      n, u
rstack/mem_reg[26][10]  **SEQGEN**                     0.00   1      n, u
rstack/mem_reg[26][9]   **SEQGEN**                     0.00   1      n, u
rstack/mem_reg[26][8]   **SEQGEN**                     0.00   1      n, u
rstack/mem_reg[26][7]   **SEQGEN**                     0.00   1      n, u
rstack/mem_reg[26][6]   **SEQGEN**                     0.00   1      n, u
rstack/mem_reg[26][5]   **SEQGEN**                     0.00   1      n, u
rstack/mem_reg[26][4]   **SEQGEN**                     0.00   1      n, u
rstack/mem_reg[26][3]   **SEQGEN**                     0.00   1      n, u
rstack/mem_reg[26][2]   **SEQGEN**                     0.00   1      n, u
rstack/mem_reg[26][1]   **SEQGEN**                     0.00   1      n, u
rstack/mem_reg[26][0]   **SEQGEN**                     0.00   1      n, u
rstack/mem_reg[27][15]  **SEQGEN**                     0.00   1      n, u
rstack/mem_reg[27][14]  **SEQGEN**                     0.00   1      n, u
rstack/mem_reg[27][13]  **SEQGEN**                     0.00   1      n, u
rstack/mem_reg[27][12]  **SEQGEN**                     0.00   1      n, u
rstack/mem_reg[27][11]  **SEQGEN**                     0.00   1      n, u
rstack/mem_reg[27][10]  **SEQGEN**                     0.00   1      n, u
rstack/mem_reg[27][9]   **SEQGEN**                     0.00   1      n, u
rstack/mem_reg[27][8]   **SEQGEN**                     0.00   1      n, u
rstack/mem_reg[27][7]   **SEQGEN**                     0.00   1      n, u
rstack/mem_reg[27][6]   **SEQGEN**                     0.00   1      n, u
rstack/mem_reg[27][5]   **SEQGEN**                     0.00   1      n, u
rstack/mem_reg[27][4]   **SEQGEN**                     0.00   1      n, u
rstack/mem_reg[27][3]   **SEQGEN**                     0.00   1      n, u
rstack/mem_reg[27][2]   **SEQGEN**                     0.00   1      n, u
rstack/mem_reg[27][1]   **SEQGEN**                     0.00   1      n, u
rstack/mem_reg[27][0]   **SEQGEN**                     0.00   1      n, u
rstack/mem_reg[28][15]  **SEQGEN**                     0.00   1      n, u
rstack/mem_reg[28][14]  **SEQGEN**                     0.00   1      n, u
rstack/mem_reg[28][13]  **SEQGEN**                     0.00   1      n, u
rstack/mem_reg[28][12]  **SEQGEN**                     0.00   1      n, u
rstack/mem_reg[28][11]  **SEQGEN**                     0.00   1      n, u
rstack/mem_reg[28][10]  **SEQGEN**                     0.00   1      n, u
rstack/mem_reg[28][9]   **SEQGEN**                     0.00   1      n, u
rstack/mem_reg[28][8]   **SEQGEN**                     0.00   1      n, u
rstack/mem_reg[28][7]   **SEQGEN**                     0.00   1      n, u
rstack/mem_reg[28][6]   **SEQGEN**                     0.00   1      n, u
rstack/mem_reg[28][5]   **SEQGEN**                     0.00   1      n, u
rstack/mem_reg[28][4]   **SEQGEN**                     0.00   1      n, u
rstack/mem_reg[28][3]   **SEQGEN**                     0.00   1      n, u
rstack/mem_reg[28][2]   **SEQGEN**                     0.00   1      n, u
rstack/mem_reg[28][1]   **SEQGEN**                     0.00   1      n, u
rstack/mem_reg[28][0]   **SEQGEN**                     0.00   1      n, u
rstack/mem_reg[29][15]  **SEQGEN**                     0.00   1      n, u
rstack/mem_reg[29][14]  **SEQGEN**                     0.00   1      n, u
rstack/mem_reg[29][13]  **SEQGEN**                     0.00   1      n, u
rstack/mem_reg[29][12]  **SEQGEN**                     0.00   1      n, u
rstack/mem_reg[29][11]  **SEQGEN**                     0.00   1      n, u
rstack/mem_reg[29][10]  **SEQGEN**                     0.00   1      n, u
rstack/mem_reg[29][9]   **SEQGEN**                     0.00   1      n, u
rstack/mem_reg[29][8]   **SEQGEN**                     0.00   1      n, u
rstack/mem_reg[29][7]   **SEQGEN**                     0.00   1      n, u
rstack/mem_reg[29][6]   **SEQGEN**                     0.00   1      n, u
rstack/mem_reg[29][5]   **SEQGEN**                     0.00   1      n, u
rstack/mem_reg[29][4]   **SEQGEN**                     0.00   1      n, u
rstack/mem_reg[29][3]   **SEQGEN**                     0.00   1      n, u
rstack/mem_reg[29][2]   **SEQGEN**                     0.00   1      n, u
rstack/mem_reg[29][1]   **SEQGEN**                     0.00   1      n, u
rstack/mem_reg[29][0]   **SEQGEN**                     0.00   1      n, u
rstack/mem_reg[30][15]  **SEQGEN**                     0.00   1      n, u
rstack/mem_reg[30][14]  **SEQGEN**                     0.00   1      n, u
rstack/mem_reg[30][13]  **SEQGEN**                     0.00   1      n, u
rstack/mem_reg[30][12]  **SEQGEN**                     0.00   1      n, u
rstack/mem_reg[30][11]  **SEQGEN**                     0.00   1      n, u
rstack/mem_reg[30][10]  **SEQGEN**                     0.00   1      n, u
rstack/mem_reg[30][9]   **SEQGEN**                     0.00   1      n, u
rstack/mem_reg[30][8]   **SEQGEN**                     0.00   1      n, u
rstack/mem_reg[30][7]   **SEQGEN**                     0.00   1      n, u
rstack/mem_reg[30][6]   **SEQGEN**                     0.00   1      n, u
rstack/mem_reg[30][5]   **SEQGEN**                     0.00   1      n, u
rstack/mem_reg[30][4]   **SEQGEN**                     0.00   1      n, u
rstack/mem_reg[30][3]   **SEQGEN**                     0.00   1      n, u
rstack/mem_reg[30][2]   **SEQGEN**                     0.00   1      n, u
rstack/mem_reg[30][1]   **SEQGEN**                     0.00   1      n, u
rstack/mem_reg[30][0]   **SEQGEN**                     0.00   1      n, u
rstack/mem_reg[31][15]  **SEQGEN**                     0.00   1      n, u
rstack/mem_reg[31][14]  **SEQGEN**                     0.00   1      n, u
rstack/mem_reg[31][13]  **SEQGEN**                     0.00   1      n, u
rstack/mem_reg[31][12]  **SEQGEN**                     0.00   1      n, u
rstack/mem_reg[31][11]  **SEQGEN**                     0.00   1      n, u
rstack/mem_reg[31][10]  **SEQGEN**                     0.00   1      n, u
rstack/mem_reg[31][9]   **SEQGEN**                     0.00   1      n, u
rstack/mem_reg[31][8]   **SEQGEN**                     0.00   1      n, u
rstack/mem_reg[31][7]   **SEQGEN**                     0.00   1      n, u
rstack/mem_reg[31][6]   **SEQGEN**                     0.00   1      n, u
rstack/mem_reg[31][5]   **SEQGEN**                     0.00   1      n, u
rstack/mem_reg[31][4]   **SEQGEN**                     0.00   1      n, u
rstack/mem_reg[31][3]   **SEQGEN**                     0.00   1      n, u
rstack/mem_reg[31][2]   **SEQGEN**                     0.00   1      n, u
rstack/mem_reg[31][1]   **SEQGEN**                     0.00   1      n, u
rstack/mem_reg[31][0]   **SEQGEN**                     0.00   1      n, u
--------------------------------------------------------------------------------
Total 512 cells                                        0.00   512


Multibit Component : mem_reg
Cell                    Reference      Library         Area   Width  Attributes
--------------------------------------------------------------------------------
dstack/mem_reg[0][15]   **SEQGEN**                     0.00   1      n, u
dstack/mem_reg[0][14]   **SEQGEN**                     0.00   1      n, u
dstack/mem_reg[0][13]   **SEQGEN**                     0.00   1      n, u
dstack/mem_reg[0][12]   **SEQGEN**                     0.00   1      n, u
dstack/mem_reg[0][11]   **SEQGEN**                     0.00   1      n, u
dstack/mem_reg[0][10]   **SEQGEN**                     0.00   1      n, u
dstack/mem_reg[0][9]    **SEQGEN**                     0.00   1      n, u
dstack/mem_reg[0][8]    **SEQGEN**                     0.00   1      n, u
dstack/mem_reg[0][7]    **SEQGEN**                     0.00   1      n, u
dstack/mem_reg[0][6]    **SEQGEN**                     0.00   1      n, u
dstack/mem_reg[0][5]    **SEQGEN**                     0.00   1      n, u
dstack/mem_reg[0][4]    **SEQGEN**                     0.00   1      n, u
dstack/mem_reg[0][3]    **SEQGEN**                     0.00   1      n, u
dstack/mem_reg[0][2]    **SEQGEN**                     0.00   1      n, u
dstack/mem_reg[0][1]    **SEQGEN**                     0.00   1      n, u
dstack/mem_reg[0][0]    **SEQGEN**                     0.00   1      n, u
dstack/mem_reg[1][15]   **SEQGEN**                     0.00   1      n, u
dstack/mem_reg[1][14]   **SEQGEN**                     0.00   1      n, u
dstack/mem_reg[1][13]   **SEQGEN**                     0.00   1      n, u
dstack/mem_reg[1][12]   **SEQGEN**                     0.00   1      n, u
dstack/mem_reg[1][11]   **SEQGEN**                     0.00   1      n, u
dstack/mem_reg[1][10]   **SEQGEN**                     0.00   1      n, u
dstack/mem_reg[1][9]    **SEQGEN**                     0.00   1      n, u
dstack/mem_reg[1][8]    **SEQGEN**                     0.00   1      n, u
dstack/mem_reg[1][7]    **SEQGEN**                     0.00   1      n, u
dstack/mem_reg[1][6]    **SEQGEN**                     0.00   1      n, u
dstack/mem_reg[1][5]    **SEQGEN**                     0.00   1      n, u
dstack/mem_reg[1][4]    **SEQGEN**                     0.00   1      n, u
dstack/mem_reg[1][3]    **SEQGEN**                     0.00   1      n, u
dstack/mem_reg[1][2]    **SEQGEN**                     0.00   1      n, u
dstack/mem_reg[1][1]    **SEQGEN**                     0.00   1      n, u
dstack/mem_reg[1][0]    **SEQGEN**                     0.00   1      n, u
dstack/mem_reg[2][15]   **SEQGEN**                     0.00   1      n, u
dstack/mem_reg[2][14]   **SEQGEN**                     0.00   1      n, u
dstack/mem_reg[2][13]   **SEQGEN**                     0.00   1      n, u
dstack/mem_reg[2][12]   **SEQGEN**                     0.00   1      n, u
dstack/mem_reg[2][11]   **SEQGEN**                     0.00   1      n, u
dstack/mem_reg[2][10]   **SEQGEN**                     0.00   1      n, u
dstack/mem_reg[2][9]    **SEQGEN**                     0.00   1      n, u
dstack/mem_reg[2][8]    **SEQGEN**                     0.00   1      n, u
dstack/mem_reg[2][7]    **SEQGEN**                     0.00   1      n, u
dstack/mem_reg[2][6]    **SEQGEN**                     0.00   1      n, u
dstack/mem_reg[2][5]    **SEQGEN**                     0.00   1      n, u
dstack/mem_reg[2][4]    **SEQGEN**                     0.00   1      n, u
dstack/mem_reg[2][3]    **SEQGEN**                     0.00   1      n, u
dstack/mem_reg[2][2]    **SEQGEN**                     0.00   1      n, u
dstack/mem_reg[2][1]    **SEQGEN**                     0.00   1      n, u
dstack/mem_reg[2][0]    **SEQGEN**                     0.00   1      n, u
dstack/mem_reg[3][15]   **SEQGEN**                     0.00   1      n, u
dstack/mem_reg[3][14]   **SEQGEN**                     0.00   1      n, u
dstack/mem_reg[3][13]   **SEQGEN**                     0.00   1      n, u
dstack/mem_reg[3][12]   **SEQGEN**                     0.00   1      n, u
dstack/mem_reg[3][11]   **SEQGEN**                     0.00   1      n, u
dstack/mem_reg[3][10]   **SEQGEN**                     0.00   1      n, u
dstack/mem_reg[3][9]    **SEQGEN**                     0.00   1      n, u
dstack/mem_reg[3][8]    **SEQGEN**                     0.00   1      n, u
dstack/mem_reg[3][7]    **SEQGEN**                     0.00   1      n, u
dstack/mem_reg[3][6]    **SEQGEN**                     0.00   1      n, u
dstack/mem_reg[3][5]    **SEQGEN**                     0.00   1      n, u
dstack/mem_reg[3][4]    **SEQGEN**                     0.00   1      n, u
dstack/mem_reg[3][3]    **SEQGEN**                     0.00   1      n, u
dstack/mem_reg[3][2]    **SEQGEN**                     0.00   1      n, u
dstack/mem_reg[3][1]    **SEQGEN**                     0.00   1      n, u
dstack/mem_reg[3][0]    **SEQGEN**                     0.00   1      n, u
dstack/mem_reg[4][15]   **SEQGEN**                     0.00   1      n, u
dstack/mem_reg[4][14]   **SEQGEN**                     0.00   1      n, u
dstack/mem_reg[4][13]   **SEQGEN**                     0.00   1      n, u
dstack/mem_reg[4][12]   **SEQGEN**                     0.00   1      n, u
dstack/mem_reg[4][11]   **SEQGEN**                     0.00   1      n, u
dstack/mem_reg[4][10]   **SEQGEN**                     0.00   1      n, u
dstack/mem_reg[4][9]    **SEQGEN**                     0.00   1      n, u
dstack/mem_reg[4][8]    **SEQGEN**                     0.00   1      n, u
dstack/mem_reg[4][7]    **SEQGEN**                     0.00   1      n, u
dstack/mem_reg[4][6]    **SEQGEN**                     0.00   1      n, u
dstack/mem_reg[4][5]    **SEQGEN**                     0.00   1      n, u
dstack/mem_reg[4][4]    **SEQGEN**                     0.00   1      n, u
dstack/mem_reg[4][3]    **SEQGEN**                     0.00   1      n, u
dstack/mem_reg[4][2]    **SEQGEN**                     0.00   1      n, u
dstack/mem_reg[4][1]    **SEQGEN**                     0.00   1      n, u
dstack/mem_reg[4][0]    **SEQGEN**                     0.00   1      n, u
dstack/mem_reg[5][15]   **SEQGEN**                     0.00   1      n, u
dstack/mem_reg[5][14]   **SEQGEN**                     0.00   1      n, u
dstack/mem_reg[5][13]   **SEQGEN**                     0.00   1      n, u
dstack/mem_reg[5][12]   **SEQGEN**                     0.00   1      n, u
dstack/mem_reg[5][11]   **SEQGEN**                     0.00   1      n, u
dstack/mem_reg[5][10]   **SEQGEN**                     0.00   1      n, u
dstack/mem_reg[5][9]    **SEQGEN**                     0.00   1      n, u
dstack/mem_reg[5][8]    **SEQGEN**                     0.00   1      n, u
dstack/mem_reg[5][7]    **SEQGEN**                     0.00   1      n, u
dstack/mem_reg[5][6]    **SEQGEN**                     0.00   1      n, u
dstack/mem_reg[5][5]    **SEQGEN**                     0.00   1      n, u
dstack/mem_reg[5][4]    **SEQGEN**                     0.00   1      n, u
dstack/mem_reg[5][3]    **SEQGEN**                     0.00   1      n, u
dstack/mem_reg[5][2]    **SEQGEN**                     0.00   1      n, u
dstack/mem_reg[5][1]    **SEQGEN**                     0.00   1      n, u
dstack/mem_reg[5][0]    **SEQGEN**                     0.00   1      n, u
dstack/mem_reg[6][15]   **SEQGEN**                     0.00   1      n, u
dstack/mem_reg[6][14]   **SEQGEN**                     0.00   1      n, u
dstack/mem_reg[6][13]   **SEQGEN**                     0.00   1      n, u
dstack/mem_reg[6][12]   **SEQGEN**                     0.00   1      n, u
dstack/mem_reg[6][11]   **SEQGEN**                     0.00   1      n, u
dstack/mem_reg[6][10]   **SEQGEN**                     0.00   1      n, u
dstack/mem_reg[6][9]    **SEQGEN**                     0.00   1      n, u
dstack/mem_reg[6][8]    **SEQGEN**                     0.00   1      n, u
dstack/mem_reg[6][7]    **SEQGEN**                     0.00   1      n, u
dstack/mem_reg[6][6]    **SEQGEN**                     0.00   1      n, u
dstack/mem_reg[6][5]    **SEQGEN**                     0.00   1      n, u
dstack/mem_reg[6][4]    **SEQGEN**                     0.00   1      n, u
dstack/mem_reg[6][3]    **SEQGEN**                     0.00   1      n, u
dstack/mem_reg[6][2]    **SEQGEN**                     0.00   1      n, u
dstack/mem_reg[6][1]    **SEQGEN**                     0.00   1      n, u
dstack/mem_reg[6][0]    **SEQGEN**                     0.00   1      n, u
dstack/mem_reg[7][15]   **SEQGEN**                     0.00   1      n, u
dstack/mem_reg[7][14]   **SEQGEN**                     0.00   1      n, u
dstack/mem_reg[7][13]   **SEQGEN**                     0.00   1      n, u
dstack/mem_reg[7][12]   **SEQGEN**                     0.00   1      n, u
dstack/mem_reg[7][11]   **SEQGEN**                     0.00   1      n, u
dstack/mem_reg[7][10]   **SEQGEN**                     0.00   1      n, u
dstack/mem_reg[7][9]    **SEQGEN**                     0.00   1      n, u
dstack/mem_reg[7][8]    **SEQGEN**                     0.00   1      n, u
dstack/mem_reg[7][7]    **SEQGEN**                     0.00   1      n, u
dstack/mem_reg[7][6]    **SEQGEN**                     0.00   1      n, u
dstack/mem_reg[7][5]    **SEQGEN**                     0.00   1      n, u
dstack/mem_reg[7][4]    **SEQGEN**                     0.00   1      n, u
dstack/mem_reg[7][3]    **SEQGEN**                     0.00   1      n, u
dstack/mem_reg[7][2]    **SEQGEN**                     0.00   1      n, u
dstack/mem_reg[7][1]    **SEQGEN**                     0.00   1      n, u
dstack/mem_reg[7][0]    **SEQGEN**                     0.00   1      n, u
dstack/mem_reg[8][15]   **SEQGEN**                     0.00   1      n, u
dstack/mem_reg[8][14]   **SEQGEN**                     0.00   1      n, u
dstack/mem_reg[8][13]   **SEQGEN**                     0.00   1      n, u
dstack/mem_reg[8][12]   **SEQGEN**                     0.00   1      n, u
dstack/mem_reg[8][11]   **SEQGEN**                     0.00   1      n, u
dstack/mem_reg[8][10]   **SEQGEN**                     0.00   1      n, u
dstack/mem_reg[8][9]    **SEQGEN**                     0.00   1      n, u
dstack/mem_reg[8][8]    **SEQGEN**                     0.00   1      n, u
dstack/mem_reg[8][7]    **SEQGEN**                     0.00   1      n, u
dstack/mem_reg[8][6]    **SEQGEN**                     0.00   1      n, u
dstack/mem_reg[8][5]    **SEQGEN**                     0.00   1      n, u
dstack/mem_reg[8][4]    **SEQGEN**                     0.00   1      n, u
dstack/mem_reg[8][3]    **SEQGEN**                     0.00   1      n, u
dstack/mem_reg[8][2]    **SEQGEN**                     0.00   1      n, u
dstack/mem_reg[8][1]    **SEQGEN**                     0.00   1      n, u
dstack/mem_reg[8][0]    **SEQGEN**                     0.00   1      n, u
dstack/mem_reg[9][15]   **SEQGEN**                     0.00   1      n, u
dstack/mem_reg[9][14]   **SEQGEN**                     0.00   1      n, u
dstack/mem_reg[9][13]   **SEQGEN**                     0.00   1      n, u
dstack/mem_reg[9][12]   **SEQGEN**                     0.00   1      n, u
dstack/mem_reg[9][11]   **SEQGEN**                     0.00   1      n, u
dstack/mem_reg[9][10]   **SEQGEN**                     0.00   1      n, u
dstack/mem_reg[9][9]    **SEQGEN**                     0.00   1      n, u
dstack/mem_reg[9][8]    **SEQGEN**                     0.00   1      n, u
dstack/mem_reg[9][7]    **SEQGEN**                     0.00   1      n, u
dstack/mem_reg[9][6]    **SEQGEN**                     0.00   1      n, u
dstack/mem_reg[9][5]    **SEQGEN**                     0.00   1      n, u
dstack/mem_reg[9][4]    **SEQGEN**                     0.00   1      n, u
dstack/mem_reg[9][3]    **SEQGEN**                     0.00   1      n, u
dstack/mem_reg[9][2]    **SEQGEN**                     0.00   1      n, u
dstack/mem_reg[9][1]    **SEQGEN**                     0.00   1      n, u
dstack/mem_reg[9][0]    **SEQGEN**                     0.00   1      n, u
dstack/mem_reg[10][15]  **SEQGEN**                     0.00   1      n, u
dstack/mem_reg[10][14]  **SEQGEN**                     0.00   1      n, u
dstack/mem_reg[10][13]  **SEQGEN**                     0.00   1      n, u
dstack/mem_reg[10][12]  **SEQGEN**                     0.00   1      n, u
dstack/mem_reg[10][11]  **SEQGEN**                     0.00   1      n, u
dstack/mem_reg[10][10]  **SEQGEN**                     0.00   1      n, u
dstack/mem_reg[10][9]   **SEQGEN**                     0.00   1      n, u
dstack/mem_reg[10][8]   **SEQGEN**                     0.00   1      n, u
dstack/mem_reg[10][7]   **SEQGEN**                     0.00   1      n, u
dstack/mem_reg[10][6]   **SEQGEN**                     0.00   1      n, u
dstack/mem_reg[10][5]   **SEQGEN**                     0.00   1      n, u
dstack/mem_reg[10][4]   **SEQGEN**                     0.00   1      n, u
dstack/mem_reg[10][3]   **SEQGEN**                     0.00   1      n, u
dstack/mem_reg[10][2]   **SEQGEN**                     0.00   1      n, u
dstack/mem_reg[10][1]   **SEQGEN**                     0.00   1      n, u
dstack/mem_reg[10][0]   **SEQGEN**                     0.00   1      n, u
dstack/mem_reg[11][15]  **SEQGEN**                     0.00   1      n, u
dstack/mem_reg[11][14]  **SEQGEN**                     0.00   1      n, u
dstack/mem_reg[11][13]  **SEQGEN**                     0.00   1      n, u
dstack/mem_reg[11][12]  **SEQGEN**                     0.00   1      n, u
dstack/mem_reg[11][11]  **SEQGEN**                     0.00   1      n, u
dstack/mem_reg[11][10]  **SEQGEN**                     0.00   1      n, u
dstack/mem_reg[11][9]   **SEQGEN**                     0.00   1      n, u
dstack/mem_reg[11][8]   **SEQGEN**                     0.00   1      n, u
dstack/mem_reg[11][7]   **SEQGEN**                     0.00   1      n, u
dstack/mem_reg[11][6]   **SEQGEN**                     0.00   1      n, u
dstack/mem_reg[11][5]   **SEQGEN**                     0.00   1      n, u
dstack/mem_reg[11][4]   **SEQGEN**                     0.00   1      n, u
dstack/mem_reg[11][3]   **SEQGEN**                     0.00   1      n, u
dstack/mem_reg[11][2]   **SEQGEN**                     0.00   1      n, u
dstack/mem_reg[11][1]   **SEQGEN**                     0.00   1      n, u
dstack/mem_reg[11][0]   **SEQGEN**                     0.00   1      n, u
dstack/mem_reg[12][15]  **SEQGEN**                     0.00   1      n, u
dstack/mem_reg[12][14]  **SEQGEN**                     0.00   1      n, u
dstack/mem_reg[12][13]  **SEQGEN**                     0.00   1      n, u
dstack/mem_reg[12][12]  **SEQGEN**                     0.00   1      n, u
dstack/mem_reg[12][11]  **SEQGEN**                     0.00   1      n, u
dstack/mem_reg[12][10]  **SEQGEN**                     0.00   1      n, u
dstack/mem_reg[12][9]   **SEQGEN**                     0.00   1      n, u
dstack/mem_reg[12][8]   **SEQGEN**                     0.00   1      n, u
dstack/mem_reg[12][7]   **SEQGEN**                     0.00   1      n, u
dstack/mem_reg[12][6]   **SEQGEN**                     0.00   1      n, u
dstack/mem_reg[12][5]   **SEQGEN**                     0.00   1      n, u
dstack/mem_reg[12][4]   **SEQGEN**                     0.00   1      n, u
dstack/mem_reg[12][3]   **SEQGEN**                     0.00   1      n, u
dstack/mem_reg[12][2]   **SEQGEN**                     0.00   1      n, u
dstack/mem_reg[12][1]   **SEQGEN**                     0.00   1      n, u
dstack/mem_reg[12][0]   **SEQGEN**                     0.00   1      n, u
dstack/mem_reg[13][15]  **SEQGEN**                     0.00   1      n, u
dstack/mem_reg[13][14]  **SEQGEN**                     0.00   1      n, u
dstack/mem_reg[13][13]  **SEQGEN**                     0.00   1      n, u
dstack/mem_reg[13][12]  **SEQGEN**                     0.00   1      n, u
dstack/mem_reg[13][11]  **SEQGEN**                     0.00   1      n, u
dstack/mem_reg[13][10]  **SEQGEN**                     0.00   1      n, u
dstack/mem_reg[13][9]   **SEQGEN**                     0.00   1      n, u
dstack/mem_reg[13][8]   **SEQGEN**                     0.00   1      n, u
dstack/mem_reg[13][7]   **SEQGEN**                     0.00   1      n, u
dstack/mem_reg[13][6]   **SEQGEN**                     0.00   1      n, u
dstack/mem_reg[13][5]   **SEQGEN**                     0.00   1      n, u
dstack/mem_reg[13][4]   **SEQGEN**                     0.00   1      n, u
dstack/mem_reg[13][3]   **SEQGEN**                     0.00   1      n, u
dstack/mem_reg[13][2]   **SEQGEN**                     0.00   1      n, u
dstack/mem_reg[13][1]   **SEQGEN**                     0.00   1      n, u
dstack/mem_reg[13][0]   **SEQGEN**                     0.00   1      n, u
dstack/mem_reg[14][15]  **SEQGEN**                     0.00   1      n, u
dstack/mem_reg[14][14]  **SEQGEN**                     0.00   1      n, u
dstack/mem_reg[14][13]  **SEQGEN**                     0.00   1      n, u
dstack/mem_reg[14][12]  **SEQGEN**                     0.00   1      n, u
dstack/mem_reg[14][11]  **SEQGEN**                     0.00   1      n, u
dstack/mem_reg[14][10]  **SEQGEN**                     0.00   1      n, u
dstack/mem_reg[14][9]   **SEQGEN**                     0.00   1      n, u
dstack/mem_reg[14][8]   **SEQGEN**                     0.00   1      n, u
dstack/mem_reg[14][7]   **SEQGEN**                     0.00   1      n, u
dstack/mem_reg[14][6]   **SEQGEN**                     0.00   1      n, u
dstack/mem_reg[14][5]   **SEQGEN**                     0.00   1      n, u
dstack/mem_reg[14][4]   **SEQGEN**                     0.00   1      n, u
dstack/mem_reg[14][3]   **SEQGEN**                     0.00   1      n, u
dstack/mem_reg[14][2]   **SEQGEN**                     0.00   1      n, u
dstack/mem_reg[14][1]   **SEQGEN**                     0.00   1      n, u
dstack/mem_reg[14][0]   **SEQGEN**                     0.00   1      n, u
dstack/mem_reg[15][15]  **SEQGEN**                     0.00   1      n, u
dstack/mem_reg[15][14]  **SEQGEN**                     0.00   1      n, u
dstack/mem_reg[15][13]  **SEQGEN**                     0.00   1      n, u
dstack/mem_reg[15][12]  **SEQGEN**                     0.00   1      n, u
dstack/mem_reg[15][11]  **SEQGEN**                     0.00   1      n, u
dstack/mem_reg[15][10]  **SEQGEN**                     0.00   1      n, u
dstack/mem_reg[15][9]   **SEQGEN**                     0.00   1      n, u
dstack/mem_reg[15][8]   **SEQGEN**                     0.00   1      n, u
dstack/mem_reg[15][7]   **SEQGEN**                     0.00   1      n, u
dstack/mem_reg[15][6]   **SEQGEN**                     0.00   1      n, u
dstack/mem_reg[15][5]   **SEQGEN**                     0.00   1      n, u
dstack/mem_reg[15][4]   **SEQGEN**                     0.00   1      n, u
dstack/mem_reg[15][3]   **SEQGEN**                     0.00   1      n, u
dstack/mem_reg[15][2]   **SEQGEN**                     0.00   1      n, u
dstack/mem_reg[15][1]   **SEQGEN**                     0.00   1      n, u
dstack/mem_reg[15][0]   **SEQGEN**                     0.00   1      n, u
dstack/mem_reg[16][15]  **SEQGEN**                     0.00   1      n, u
dstack/mem_reg[16][14]  **SEQGEN**                     0.00   1      n, u
dstack/mem_reg[16][13]  **SEQGEN**                     0.00   1      n, u
dstack/mem_reg[16][12]  **SEQGEN**                     0.00   1      n, u
dstack/mem_reg[16][11]  **SEQGEN**                     0.00   1      n, u
dstack/mem_reg[16][10]  **SEQGEN**                     0.00   1      n, u
dstack/mem_reg[16][9]   **SEQGEN**                     0.00   1      n, u
dstack/mem_reg[16][8]   **SEQGEN**                     0.00   1      n, u
dstack/mem_reg[16][7]   **SEQGEN**                     0.00   1      n, u
dstack/mem_reg[16][6]   **SEQGEN**                     0.00   1      n, u
dstack/mem_reg[16][5]   **SEQGEN**                     0.00   1      n, u
dstack/mem_reg[16][4]   **SEQGEN**                     0.00   1      n, u
dstack/mem_reg[16][3]   **SEQGEN**                     0.00   1      n, u
dstack/mem_reg[16][2]   **SEQGEN**                     0.00   1      n, u
dstack/mem_reg[16][1]   **SEQGEN**                     0.00   1      n, u
dstack/mem_reg[16][0]   **SEQGEN**                     0.00   1      n, u
dstack/mem_reg[17][15]  **SEQGEN**                     0.00   1      n, u
dstack/mem_reg[17][14]  **SEQGEN**                     0.00   1      n, u
dstack/mem_reg[17][13]  **SEQGEN**                     0.00   1      n, u
dstack/mem_reg[17][12]  **SEQGEN**                     0.00   1      n, u
dstack/mem_reg[17][11]  **SEQGEN**                     0.00   1      n, u
dstack/mem_reg[17][10]  **SEQGEN**                     0.00   1      n, u
dstack/mem_reg[17][9]   **SEQGEN**                     0.00   1      n, u
dstack/mem_reg[17][8]   **SEQGEN**                     0.00   1      n, u
dstack/mem_reg[17][7]   **SEQGEN**                     0.00   1      n, u
dstack/mem_reg[17][6]   **SEQGEN**                     0.00   1      n, u
dstack/mem_reg[17][5]   **SEQGEN**                     0.00   1      n, u
dstack/mem_reg[17][4]   **SEQGEN**                     0.00   1      n, u
dstack/mem_reg[17][3]   **SEQGEN**                     0.00   1      n, u
dstack/mem_reg[17][2]   **SEQGEN**                     0.00   1      n, u
dstack/mem_reg[17][1]   **SEQGEN**                     0.00   1      n, u
dstack/mem_reg[17][0]   **SEQGEN**                     0.00   1      n, u
dstack/mem_reg[18][15]  **SEQGEN**                     0.00   1      n, u
dstack/mem_reg[18][14]  **SEQGEN**                     0.00   1      n, u
dstack/mem_reg[18][13]  **SEQGEN**                     0.00   1      n, u
dstack/mem_reg[18][12]  **SEQGEN**                     0.00   1      n, u
dstack/mem_reg[18][11]  **SEQGEN**                     0.00   1      n, u
dstack/mem_reg[18][10]  **SEQGEN**                     0.00   1      n, u
dstack/mem_reg[18][9]   **SEQGEN**                     0.00   1      n, u
dstack/mem_reg[18][8]   **SEQGEN**                     0.00   1      n, u
dstack/mem_reg[18][7]   **SEQGEN**                     0.00   1      n, u
dstack/mem_reg[18][6]   **SEQGEN**                     0.00   1      n, u
dstack/mem_reg[18][5]   **SEQGEN**                     0.00   1      n, u
dstack/mem_reg[18][4]   **SEQGEN**                     0.00   1      n, u
dstack/mem_reg[18][3]   **SEQGEN**                     0.00   1      n, u
dstack/mem_reg[18][2]   **SEQGEN**                     0.00   1      n, u
dstack/mem_reg[18][1]   **SEQGEN**                     0.00   1      n, u
dstack/mem_reg[18][0]   **SEQGEN**                     0.00   1      n, u
dstack/mem_reg[19][15]  **SEQGEN**                     0.00   1      n, u
dstack/mem_reg[19][14]  **SEQGEN**                     0.00   1      n, u
dstack/mem_reg[19][13]  **SEQGEN**                     0.00   1      n, u
dstack/mem_reg[19][12]  **SEQGEN**                     0.00   1      n, u
dstack/mem_reg[19][11]  **SEQGEN**                     0.00   1      n, u
dstack/mem_reg[19][10]  **SEQGEN**                     0.00   1      n, u
dstack/mem_reg[19][9]   **SEQGEN**                     0.00   1      n, u
dstack/mem_reg[19][8]   **SEQGEN**                     0.00   1      n, u
dstack/mem_reg[19][7]   **SEQGEN**                     0.00   1      n, u
dstack/mem_reg[19][6]   **SEQGEN**                     0.00   1      n, u
dstack/mem_reg[19][5]   **SEQGEN**                     0.00   1      n, u
dstack/mem_reg[19][4]   **SEQGEN**                     0.00   1      n, u
dstack/mem_reg[19][3]   **SEQGEN**                     0.00   1      n, u
dstack/mem_reg[19][2]   **SEQGEN**                     0.00   1      n, u
dstack/mem_reg[19][1]   **SEQGEN**                     0.00   1      n, u
dstack/mem_reg[19][0]   **SEQGEN**                     0.00   1      n, u
dstack/mem_reg[20][15]  **SEQGEN**                     0.00   1      n, u
dstack/mem_reg[20][14]  **SEQGEN**                     0.00   1      n, u
dstack/mem_reg[20][13]  **SEQGEN**                     0.00   1      n, u
dstack/mem_reg[20][12]  **SEQGEN**                     0.00   1      n, u
dstack/mem_reg[20][11]  **SEQGEN**                     0.00   1      n, u
dstack/mem_reg[20][10]  **SEQGEN**                     0.00   1      n, u
dstack/mem_reg[20][9]   **SEQGEN**                     0.00   1      n, u
dstack/mem_reg[20][8]   **SEQGEN**                     0.00   1      n, u
dstack/mem_reg[20][7]   **SEQGEN**                     0.00   1      n, u
dstack/mem_reg[20][6]   **SEQGEN**                     0.00   1      n, u
dstack/mem_reg[20][5]   **SEQGEN**                     0.00   1      n, u
dstack/mem_reg[20][4]   **SEQGEN**                     0.00   1      n, u
dstack/mem_reg[20][3]   **SEQGEN**                     0.00   1      n, u
dstack/mem_reg[20][2]   **SEQGEN**                     0.00   1      n, u
dstack/mem_reg[20][1]   **SEQGEN**                     0.00   1      n, u
dstack/mem_reg[20][0]   **SEQGEN**                     0.00   1      n, u
dstack/mem_reg[21][15]  **SEQGEN**                     0.00   1      n, u
dstack/mem_reg[21][14]  **SEQGEN**                     0.00   1      n, u
dstack/mem_reg[21][13]  **SEQGEN**                     0.00   1      n, u
dstack/mem_reg[21][12]  **SEQGEN**                     0.00   1      n, u
dstack/mem_reg[21][11]  **SEQGEN**                     0.00   1      n, u
dstack/mem_reg[21][10]  **SEQGEN**                     0.00   1      n, u
dstack/mem_reg[21][9]   **SEQGEN**                     0.00   1      n, u
dstack/mem_reg[21][8]   **SEQGEN**                     0.00   1      n, u
dstack/mem_reg[21][7]   **SEQGEN**                     0.00   1      n, u
dstack/mem_reg[21][6]   **SEQGEN**                     0.00   1      n, u
dstack/mem_reg[21][5]   **SEQGEN**                     0.00   1      n, u
dstack/mem_reg[21][4]   **SEQGEN**                     0.00   1      n, u
dstack/mem_reg[21][3]   **SEQGEN**                     0.00   1      n, u
dstack/mem_reg[21][2]   **SEQGEN**                     0.00   1      n, u
dstack/mem_reg[21][1]   **SEQGEN**                     0.00   1      n, u
dstack/mem_reg[21][0]   **SEQGEN**                     0.00   1      n, u
dstack/mem_reg[22][15]  **SEQGEN**                     0.00   1      n, u
dstack/mem_reg[22][14]  **SEQGEN**                     0.00   1      n, u
dstack/mem_reg[22][13]  **SEQGEN**                     0.00   1      n, u
dstack/mem_reg[22][12]  **SEQGEN**                     0.00   1      n, u
dstack/mem_reg[22][11]  **SEQGEN**                     0.00   1      n, u
dstack/mem_reg[22][10]  **SEQGEN**                     0.00   1      n, u
dstack/mem_reg[22][9]   **SEQGEN**                     0.00   1      n, u
dstack/mem_reg[22][8]   **SEQGEN**                     0.00   1      n, u
dstack/mem_reg[22][7]   **SEQGEN**                     0.00   1      n, u
dstack/mem_reg[22][6]   **SEQGEN**                     0.00   1      n, u
dstack/mem_reg[22][5]   **SEQGEN**                     0.00   1      n, u
dstack/mem_reg[22][4]   **SEQGEN**                     0.00   1      n, u
dstack/mem_reg[22][3]   **SEQGEN**                     0.00   1      n, u
dstack/mem_reg[22][2]   **SEQGEN**                     0.00   1      n, u
dstack/mem_reg[22][1]   **SEQGEN**                     0.00   1      n, u
dstack/mem_reg[22][0]   **SEQGEN**                     0.00   1      n, u
dstack/mem_reg[23][15]  **SEQGEN**                     0.00   1      n, u
dstack/mem_reg[23][14]  **SEQGEN**                     0.00   1      n, u
dstack/mem_reg[23][13]  **SEQGEN**                     0.00   1      n, u
dstack/mem_reg[23][12]  **SEQGEN**                     0.00   1      n, u
dstack/mem_reg[23][11]  **SEQGEN**                     0.00   1      n, u
dstack/mem_reg[23][10]  **SEQGEN**                     0.00   1      n, u
dstack/mem_reg[23][9]   **SEQGEN**                     0.00   1      n, u
dstack/mem_reg[23][8]   **SEQGEN**                     0.00   1      n, u
dstack/mem_reg[23][7]   **SEQGEN**                     0.00   1      n, u
dstack/mem_reg[23][6]   **SEQGEN**                     0.00   1      n, u
dstack/mem_reg[23][5]   **SEQGEN**                     0.00   1      n, u
dstack/mem_reg[23][4]   **SEQGEN**                     0.00   1      n, u
dstack/mem_reg[23][3]   **SEQGEN**                     0.00   1      n, u
dstack/mem_reg[23][2]   **SEQGEN**                     0.00   1      n, u
dstack/mem_reg[23][1]   **SEQGEN**                     0.00   1      n, u
dstack/mem_reg[23][0]   **SEQGEN**                     0.00   1      n, u
dstack/mem_reg[24][15]  **SEQGEN**                     0.00   1      n, u
dstack/mem_reg[24][14]  **SEQGEN**                     0.00   1      n, u
dstack/mem_reg[24][13]  **SEQGEN**                     0.00   1      n, u
dstack/mem_reg[24][12]  **SEQGEN**                     0.00   1      n, u
dstack/mem_reg[24][11]  **SEQGEN**                     0.00   1      n, u
dstack/mem_reg[24][10]  **SEQGEN**                     0.00   1      n, u
dstack/mem_reg[24][9]   **SEQGEN**                     0.00   1      n, u
dstack/mem_reg[24][8]   **SEQGEN**                     0.00   1      n, u
dstack/mem_reg[24][7]   **SEQGEN**                     0.00   1      n, u
dstack/mem_reg[24][6]   **SEQGEN**                     0.00   1      n, u
dstack/mem_reg[24][5]   **SEQGEN**                     0.00   1      n, u
dstack/mem_reg[24][4]   **SEQGEN**                     0.00   1      n, u
dstack/mem_reg[24][3]   **SEQGEN**                     0.00   1      n, u
dstack/mem_reg[24][2]   **SEQGEN**                     0.00   1      n, u
dstack/mem_reg[24][1]   **SEQGEN**                     0.00   1      n, u
dstack/mem_reg[24][0]   **SEQGEN**                     0.00   1      n, u
dstack/mem_reg[25][15]  **SEQGEN**                     0.00   1      n, u
dstack/mem_reg[25][14]  **SEQGEN**                     0.00   1      n, u
dstack/mem_reg[25][13]  **SEQGEN**                     0.00   1      n, u
dstack/mem_reg[25][12]  **SEQGEN**                     0.00   1      n, u
dstack/mem_reg[25][11]  **SEQGEN**                     0.00   1      n, u
dstack/mem_reg[25][10]  **SEQGEN**                     0.00   1      n, u
dstack/mem_reg[25][9]   **SEQGEN**                     0.00   1      n, u
dstack/mem_reg[25][8]   **SEQGEN**                     0.00   1      n, u
dstack/mem_reg[25][7]   **SEQGEN**                     0.00   1      n, u
dstack/mem_reg[25][6]   **SEQGEN**                     0.00   1      n, u
dstack/mem_reg[25][5]   **SEQGEN**                     0.00   1      n, u
dstack/mem_reg[25][4]   **SEQGEN**                     0.00   1      n, u
dstack/mem_reg[25][3]   **SEQGEN**                     0.00   1      n, u
dstack/mem_reg[25][2]   **SEQGEN**                     0.00   1      n, u
dstack/mem_reg[25][1]   **SEQGEN**                     0.00   1      n, u
dstack/mem_reg[25][0]   **SEQGEN**                     0.00   1      n, u
dstack/mem_reg[26][15]  **SEQGEN**                     0.00   1      n, u
dstack/mem_reg[26][14]  **SEQGEN**                     0.00   1      n, u
dstack/mem_reg[26][13]  **SEQGEN**                     0.00   1      n, u
dstack/mem_reg[26][12]  **SEQGEN**                     0.00   1      n, u
dstack/mem_reg[26][11]  **SEQGEN**                     0.00   1      n, u
dstack/mem_reg[26][10]  **SEQGEN**                     0.00   1      n, u
dstack/mem_reg[26][9]   **SEQGEN**                     0.00   1      n, u
dstack/mem_reg[26][8]   **SEQGEN**                     0.00   1      n, u
dstack/mem_reg[26][7]   **SEQGEN**                     0.00   1      n, u
dstack/mem_reg[26][6]   **SEQGEN**                     0.00   1      n, u
dstack/mem_reg[26][5]   **SEQGEN**                     0.00   1      n, u
dstack/mem_reg[26][4]   **SEQGEN**                     0.00   1      n, u
dstack/mem_reg[26][3]   **SEQGEN**                     0.00   1      n, u
dstack/mem_reg[26][2]   **SEQGEN**                     0.00   1      n, u
dstack/mem_reg[26][1]   **SEQGEN**                     0.00   1      n, u
dstack/mem_reg[26][0]   **SEQGEN**                     0.00   1      n, u
dstack/mem_reg[27][15]  **SEQGEN**                     0.00   1      n, u
dstack/mem_reg[27][14]  **SEQGEN**                     0.00   1      n, u
dstack/mem_reg[27][13]  **SEQGEN**                     0.00   1      n, u
dstack/mem_reg[27][12]  **SEQGEN**                     0.00   1      n, u
dstack/mem_reg[27][11]  **SEQGEN**                     0.00   1      n, u
dstack/mem_reg[27][10]  **SEQGEN**                     0.00   1      n, u
dstack/mem_reg[27][9]   **SEQGEN**                     0.00   1      n, u
dstack/mem_reg[27][8]   **SEQGEN**                     0.00   1      n, u
dstack/mem_reg[27][7]   **SEQGEN**                     0.00   1      n, u
dstack/mem_reg[27][6]   **SEQGEN**                     0.00   1      n, u
dstack/mem_reg[27][5]   **SEQGEN**                     0.00   1      n, u
dstack/mem_reg[27][4]   **SEQGEN**                     0.00   1      n, u
dstack/mem_reg[27][3]   **SEQGEN**                     0.00   1      n, u
dstack/mem_reg[27][2]   **SEQGEN**                     0.00   1      n, u
dstack/mem_reg[27][1]   **SEQGEN**                     0.00   1      n, u
dstack/mem_reg[27][0]   **SEQGEN**                     0.00   1      n, u
dstack/mem_reg[28][15]  **SEQGEN**                     0.00   1      n, u
dstack/mem_reg[28][14]  **SEQGEN**                     0.00   1      n, u
dstack/mem_reg[28][13]  **SEQGEN**                     0.00   1      n, u
dstack/mem_reg[28][12]  **SEQGEN**                     0.00   1      n, u
dstack/mem_reg[28][11]  **SEQGEN**                     0.00   1      n, u
dstack/mem_reg[28][10]  **SEQGEN**                     0.00   1      n, u
dstack/mem_reg[28][9]   **SEQGEN**                     0.00   1      n, u
dstack/mem_reg[28][8]   **SEQGEN**                     0.00   1      n, u
dstack/mem_reg[28][7]   **SEQGEN**                     0.00   1      n, u
dstack/mem_reg[28][6]   **SEQGEN**                     0.00   1      n, u
dstack/mem_reg[28][5]   **SEQGEN**                     0.00   1      n, u
dstack/mem_reg[28][4]   **SEQGEN**                     0.00   1      n, u
dstack/mem_reg[28][3]   **SEQGEN**                     0.00   1      n, u
dstack/mem_reg[28][2]   **SEQGEN**                     0.00   1      n, u
dstack/mem_reg[28][1]   **SEQGEN**                     0.00   1      n, u
dstack/mem_reg[28][0]   **SEQGEN**                     0.00   1      n, u
dstack/mem_reg[29][15]  **SEQGEN**                     0.00   1      n, u
dstack/mem_reg[29][14]  **SEQGEN**                     0.00   1      n, u
dstack/mem_reg[29][13]  **SEQGEN**                     0.00   1      n, u
dstack/mem_reg[29][12]  **SEQGEN**                     0.00   1      n, u
dstack/mem_reg[29][11]  **SEQGEN**                     0.00   1      n, u
dstack/mem_reg[29][10]  **SEQGEN**                     0.00   1      n, u
dstack/mem_reg[29][9]   **SEQGEN**                     0.00   1      n, u
dstack/mem_reg[29][8]   **SEQGEN**                     0.00   1      n, u
dstack/mem_reg[29][7]   **SEQGEN**                     0.00   1      n, u
dstack/mem_reg[29][6]   **SEQGEN**                     0.00   1      n, u
dstack/mem_reg[29][5]   **SEQGEN**                     0.00   1      n, u
dstack/mem_reg[29][4]   **SEQGEN**                     0.00   1      n, u
dstack/mem_reg[29][3]   **SEQGEN**                     0.00   1      n, u
dstack/mem_reg[29][2]   **SEQGEN**                     0.00   1      n, u
dstack/mem_reg[29][1]   **SEQGEN**                     0.00   1      n, u
dstack/mem_reg[29][0]   **SEQGEN**                     0.00   1      n, u
dstack/mem_reg[30][15]  **SEQGEN**                     0.00   1      n, u
dstack/mem_reg[30][14]  **SEQGEN**                     0.00   1      n, u
dstack/mem_reg[30][13]  **SEQGEN**                     0.00   1      n, u
dstack/mem_reg[30][12]  **SEQGEN**                     0.00   1      n, u
dstack/mem_reg[30][11]  **SEQGEN**                     0.00   1      n, u
dstack/mem_reg[30][10]  **SEQGEN**                     0.00   1      n, u
dstack/mem_reg[30][9]   **SEQGEN**                     0.00   1      n, u
dstack/mem_reg[30][8]   **SEQGEN**                     0.00   1      n, u
dstack/mem_reg[30][7]   **SEQGEN**                     0.00   1      n, u
dstack/mem_reg[30][6]   **SEQGEN**                     0.00   1      n, u
dstack/mem_reg[30][5]   **SEQGEN**                     0.00   1      n, u
dstack/mem_reg[30][4]   **SEQGEN**                     0.00   1      n, u
dstack/mem_reg[30][3]   **SEQGEN**                     0.00   1      n, u
dstack/mem_reg[30][2]   **SEQGEN**                     0.00   1      n, u
dstack/mem_reg[30][1]   **SEQGEN**                     0.00   1      n, u
dstack/mem_reg[30][0]   **SEQGEN**                     0.00   1      n, u
dstack/mem_reg[31][15]  **SEQGEN**                     0.00   1      n, u
dstack/mem_reg[31][14]  **SEQGEN**                     0.00   1      n, u
dstack/mem_reg[31][13]  **SEQGEN**                     0.00   1      n, u
dstack/mem_reg[31][12]  **SEQGEN**                     0.00   1      n, u
dstack/mem_reg[31][11]  **SEQGEN**                     0.00   1      n, u
dstack/mem_reg[31][10]  **SEQGEN**                     0.00   1      n, u
dstack/mem_reg[31][9]   **SEQGEN**                     0.00   1      n, u
dstack/mem_reg[31][8]   **SEQGEN**                     0.00   1      n, u
dstack/mem_reg[31][7]   **SEQGEN**                     0.00   1      n, u
dstack/mem_reg[31][6]   **SEQGEN**                     0.00   1      n, u
dstack/mem_reg[31][5]   **SEQGEN**                     0.00   1      n, u
dstack/mem_reg[31][4]   **SEQGEN**                     0.00   1      n, u
dstack/mem_reg[31][3]   **SEQGEN**                     0.00   1      n, u
dstack/mem_reg[31][2]   **SEQGEN**                     0.00   1      n, u
dstack/mem_reg[31][1]   **SEQGEN**                     0.00   1      n, u
dstack/mem_reg[31][0]   **SEQGEN**                     0.00   1      n, u
--------------------------------------------------------------------------------
Total 512 cells                                        0.00   512


Multibit Component : npc_reg
Cell                    Reference      Library         Area   Width  Attributes
--------------------------------------------------------------------------------
npc_reg[12]             **SEQGEN**                     0.00   1      n, u
npc_reg[11]             **SEQGEN**                     0.00   1      n, u
npc_reg[10]             **SEQGEN**                     0.00   1      n, u
npc_reg[9]              **SEQGEN**                     0.00   1      n, u
npc_reg[8]              **SEQGEN**                     0.00   1      n, u
npc_reg[7]              **SEQGEN**                     0.00   1      n, u
npc_reg[6]              **SEQGEN**                     0.00   1      n, u
npc_reg[5]              **SEQGEN**                     0.00   1      n, u
npc_reg[4]              **SEQGEN**                     0.00   1      n, u
npc_reg[3]              **SEQGEN**                     0.00   1      n, u
npc_reg[2]              **SEQGEN**                     0.00   1      n, u
npc_reg[1]              **SEQGEN**                     0.00   1      n, u
npc_reg[0]              **SEQGEN**                     0.00   1      n, u
--------------------------------------------------------------------------------
Total 13 cells                                         0.00   13


Multibit Component : rsp_reg
Cell                    Reference      Library         Area   Width  Attributes
--------------------------------------------------------------------------------
rsp_reg[4]              **SEQGEN**                     0.00   1      n, u
rsp_reg[3]              **SEQGEN**                     0.00   1      n, u
rsp_reg[2]              **SEQGEN**                     0.00   1      n, u
rsp_reg[1]              **SEQGEN**                     0.00   1      n, u
rsp_reg[0]              **SEQGEN**                     0.00   1      n, u
--------------------------------------------------------------------------------
Total 5 cells                                          0.00   5


Multibit Component : st0_reg
Cell                    Reference      Library         Area   Width  Attributes
--------------------------------------------------------------------------------
st0_reg[15]             **SEQGEN**                     0.00   1      n, u
st0_reg[14]             **SEQGEN**                     0.00   1      n, u
st0_reg[13]             **SEQGEN**                     0.00   1      n, u
st0_reg[12]             **SEQGEN**                     0.00   1      n, u
st0_reg[11]             **SEQGEN**                     0.00   1      n, u
st0_reg[10]             **SEQGEN**                     0.00   1      n, u
st0_reg[9]              **SEQGEN**                     0.00   1      n, u
st0_reg[8]              **SEQGEN**                     0.00   1      n, u
st0_reg[7]              **SEQGEN**                     0.00   1      n, u
st0_reg[6]              **SEQGEN**                     0.00   1      n, u
st0_reg[5]              **SEQGEN**                     0.00   1      n, u
st0_reg[4]              **SEQGEN**                     0.00   1      n, u
st0_reg[3]              **SEQGEN**                     0.00   1      n, u
st0_reg[2]              **SEQGEN**                     0.00   1      n, u
st0_reg[1]              **SEQGEN**                     0.00   1      n, u
st0_reg[0]              **SEQGEN**                     0.00   1      n, u
--------------------------------------------------------------------------------
Total 16 cells                                         0.00   16


Total 6 Multibit Components
1
