 
****************************************
check_design summary:
Version:     N-2017.09-SP2
Date:        Thu Dec 14 10:09:39 2017
****************************************

                   Name                                            Total
--------------------------------------------------------------------------------
Inputs/Outputs                                                      4
    Unconnected ports (LINT-28)                                     3
    Constant outputs (LINT-52)                                      1

Cells                                                              12
    Cells do not drive (LINT-1)                                    12
--------------------------------------------------------------------------------

Warning: In design 'j1_wb', cell 'C833' does not drive any nets. (LINT-1)
Warning: In design 'j1_wb', cell 'C898' does not drive any nets. (LINT-1)
Warning: In design 'j1_wb', cell 'C899' does not drive any nets. (LINT-1)
Warning: In design 'j1_wb', cell 'C903' does not drive any nets. (LINT-1)
Warning: In design 'j1_wb', cell 'C904' does not drive any nets. (LINT-1)
Warning: In design 'j1_wb', cell 'C908' does not drive any nets. (LINT-1)
Warning: In design 'j1_wb', cell 'C909' does not drive any nets. (LINT-1)
Warning: In design 'j1_wb', cell 'B_49' does not drive any nets. (LINT-1)
Warning: In design 'j1_wb', cell 'C923' does not drive any nets. (LINT-1)
Warning: In design 'j1_wb', cell 'C926' does not drive any nets. (LINT-1)
Warning: In design 'j1_wb', cell 'B_52' does not drive any nets. (LINT-1)
Warning: In design 'j1_wb', cell 'C960' does not drive any nets. (LINT-1)
Warning: In design 'j1_wb', port 'wb.clk' is not connected to any nets. (LINT-28)
Warning: In design 'j1_wb', port 'wb.rst' is not connected to any nets. (LINT-28)
Warning: In design 'j1_wb', port 'wb.stall' is not connected to any nets. (LINT-28)
Warning: In design 'j1_wb', output port 'wb.adr[15]' is connected directly to 'logic 0'. (LINT-52)
1
